Archive member included to satisfy reference by file (symbol)

/usr/lib/gcc/arm-none-eabi/10.3.1/thumb/v6-m/nofp/libgcc.a(_dvmd_tls.o)
                              CMakeFiles/app.dir/freertos-pico/pico-sdk/src/rp2_common/pico_divider/divider.S.obj (__aeabi_idiv0)
/usr/lib/gcc/arm-none-eabi/10.3.1/../../../arm-none-eabi/lib/thumb/v6-m/nofp/libc.a(lib_a-atexit.o)
                              /usr/lib/gcc/arm-none-eabi/10.3.1/../../../arm-none-eabi/lib/thumb/v6-m/nofp/crt0.o (atexit)
/usr/lib/gcc/arm-none-eabi/10.3.1/../../../arm-none-eabi/lib/thumb/v6-m/nofp/libc.a(lib_a-atoi.o)
                              CMakeFiles/app.dir/freertos-pico/pico-sdk/lib/lwip/src/core/netif.c.obj (atoi)
/usr/lib/gcc/arm-none-eabi/10.3.1/../../../arm-none-eabi/lib/thumb/v6-m/nofp/libc.a(lib_a-calloc.o)
                              CMakeFiles/app.dir/freertos-pico/pico-sdk/src/rp2_common/pico_malloc/pico_malloc.c.obj (calloc)
/usr/lib/gcc/arm-none-eabi/10.3.1/../../../arm-none-eabi/lib/thumb/v6-m/nofp/libc.a(lib_a-callocr.o)
                              /usr/lib/gcc/arm-none-eabi/10.3.1/../../../arm-none-eabi/lib/thumb/v6-m/nofp/libc.a(lib_a-calloc.o) (_calloc_r)
/usr/lib/gcc/arm-none-eabi/10.3.1/../../../arm-none-eabi/lib/thumb/v6-m/nofp/libc.a(lib_a-ctype_.o)
                              CMakeFiles/app.dir/freertos-pico/pico-sdk/lib/lwip/src/core/dns.c.obj (_ctype_)
/usr/lib/gcc/arm-none-eabi/10.3.1/../../../arm-none-eabi/lib/thumb/v6-m/nofp/libc.a(lib_a-fini.o)
                              /usr/lib/gcc/arm-none-eabi/10.3.1/../../../arm-none-eabi/lib/thumb/v6-m/nofp/crt0.o (__libc_fini_array)
/usr/lib/gcc/arm-none-eabi/10.3.1/../../../arm-none-eabi/lib/thumb/v6-m/nofp/libc.a(lib_a-impure.o)
                              /usr/lib/gcc/arm-none-eabi/10.3.1/../../../arm-none-eabi/lib/thumb/v6-m/nofp/libc.a(lib_a-calloc.o) (_impure_ptr)
/usr/lib/gcc/arm-none-eabi/10.3.1/../../../arm-none-eabi/lib/thumb/v6-m/nofp/libc.a(lib_a-init.o)
                              /usr/lib/gcc/arm-none-eabi/10.3.1/../../../arm-none-eabi/lib/thumb/v6-m/nofp/crt0.o (__libc_init_array)
/usr/lib/gcc/arm-none-eabi/10.3.1/../../../arm-none-eabi/lib/thumb/v6-m/nofp/libc.a(lib_a-malloc.o)
                              CMakeFiles/app.dir/freertos-pico/pico-sdk/src/rp2_common/pico_malloc/pico_malloc.c.obj (malloc)
/usr/lib/gcc/arm-none-eabi/10.3.1/../../../arm-none-eabi/lib/thumb/v6-m/nofp/libc.a(lib_a-mallocr.o)
                              /usr/lib/gcc/arm-none-eabi/10.3.1/../../../arm-none-eabi/lib/thumb/v6-m/nofp/libc.a(lib_a-callocr.o) (_malloc_r)
/usr/lib/gcc/arm-none-eabi/10.3.1/../../../arm-none-eabi/lib/thumb/v6-m/nofp/libc.a(lib_a-memcmp.o)
                              CMakeFiles/app.dir/freertos-pico/pico-sdk/lib/lwip/src/netif/ethernet.c.obj (memcmp)
/usr/lib/gcc/arm-none-eabi/10.3.1/../../../arm-none-eabi/lib/thumb/v6-m/nofp/libc.a(lib_a-memmove.o)
                              CMakeFiles/app.dir/freertos-pico/pico-sdk/lib/lwip/src/core/def.c.obj (memmove)
/usr/lib/gcc/arm-none-eabi/10.3.1/../../../arm-none-eabi/lib/thumb/v6-m/nofp/libc.a(lib_a-mlock.o)
                              /usr/lib/gcc/arm-none-eabi/10.3.1/../../../arm-none-eabi/lib/thumb/v6-m/nofp/libc.a(lib_a-mallocr.o) (__malloc_lock)
/usr/lib/gcc/arm-none-eabi/10.3.1/../../../arm-none-eabi/lib/thumb/v6-m/nofp/libc.a(lib_a-realloc.o)
                              CMakeFiles/app.dir/freertos-pico/pico-sdk/src/rp2_common/pico_malloc/pico_malloc.c.obj (realloc)
/usr/lib/gcc/arm-none-eabi/10.3.1/../../../arm-none-eabi/lib/thumb/v6-m/nofp/libc.a(lib_a-reallocr.o)
                              /usr/lib/gcc/arm-none-eabi/10.3.1/../../../arm-none-eabi/lib/thumb/v6-m/nofp/libc.a(lib_a-realloc.o) (_realloc_r)
/usr/lib/gcc/arm-none-eabi/10.3.1/../../../arm-none-eabi/lib/thumb/v6-m/nofp/libc.a(lib_a-reent.o)
                              CMakeFiles/app.dir/main.cpp.obj (errno)
/usr/lib/gcc/arm-none-eabi/10.3.1/../../../arm-none-eabi/lib/thumb/v6-m/nofp/libc.a(lib_a-sbrkr.o)
                              /usr/lib/gcc/arm-none-eabi/10.3.1/../../../arm-none-eabi/lib/thumb/v6-m/nofp/libc.a(lib_a-mallocr.o) (_sbrk_r)
/usr/lib/gcc/arm-none-eabi/10.3.1/../../../arm-none-eabi/lib/thumb/v6-m/nofp/libc.a(lib_a-strlen-stub.o)
                              CMakeFiles/app.dir/freertos-pico/pico-sdk/lib/lwip/src/core/def.c.obj (strlen)
/usr/lib/gcc/arm-none-eabi/10.3.1/../../../arm-none-eabi/lib/thumb/v6-m/nofp/libc.a(lib_a-strncmp.o)
                              CMakeFiles/app.dir/freertos-pico/pico-sdk/lib/lwip/src/core/def.c.obj (strncmp)
/usr/lib/gcc/arm-none-eabi/10.3.1/../../../arm-none-eabi/lib/thumb/v6-m/nofp/libc.a(lib_a-strncpy.o)
                              CMakeFiles/app.dir/freertos-pico/pico-sdk/lib/lwip/src/api/netdb.c.obj (strncpy)
/usr/lib/gcc/arm-none-eabi/10.3.1/../../../arm-none-eabi/lib/thumb/v6-m/nofp/libc.a(lib_a-strtol.o)
                              /usr/lib/gcc/arm-none-eabi/10.3.1/../../../arm-none-eabi/lib/thumb/v6-m/nofp/libc.a(lib_a-atoi.o) (_strtol_r)
[...]
Memory Configuration

Name             Origin             Length             Attributes
FLASH            0x0000000010000000 0x0000000000200000 xr
RAM              0x0000000020000000 0x0000000000040000 xrw
SCRATCH_X        0x0000000020040000 0x0000000000001000 xrw
SCRATCH_Y        0x0000000020041000 0x0000000000001000 xrw
*default*        0x0000000000000000 0xffffffffffffffff

Linker script and memory map

LOAD /usr/lib/gcc/arm-none-eabi/10.3.1/thumb/v6-m/nofp/crti.o
LOAD /usr/lib/gcc/arm-none-eabi/10.3.1/thumb/v6-m/nofp/crtbegin.o
LOAD /usr/lib/gcc/arm-none-eabi/10.3.1/../../../arm-none-eabi/lib/thumb/v6-m/nofp/crt0.o

.flash_begin    0x0000000010000000        0x0
                0x0000000010000000                __flash_binary_start = .

.boot2          0x0000000010000000      0x100
                0x0000000010000000                __boot2_start__ = .
 *(.boot2)
 .boot2         0x0000000010000000      0x100 /tmp/ccwPuh0g.o
                0x0000000010000100                __boot2_end__ = .
                0x0000000000000001                ASSERT (((__boot2_end__ - __boot2_start__) == 0x100), ERROR: Pico second stage bootloader must be 256 bytes in size)

.text           0x0000000010000100    0x1e888
                0x0000000010000100                __logical_binary_start = .
 *(.vectors)
 .vectors       0x0000000010000100       0xd4 CMakeFiles/app.dir/freertos-pico/pico-sdk/src/rp2_common/pico_standard_link/crt0.S.obj
                0x0000000010000100                __vectors
                0x0000000010000100                __VECTOR_TABLE
                0x00000000100001c0                isr_invalid
                0x00000000100001c0                __default_isrs_start
                0x00000000100001c2                isr_nmi
                0x00000000100001c4                isr_hardfault
                0x00000000100001c6                isr_svcall
                0x00000000100001c8                isr_pendsv
                0x00000000100001ca                isr_systick
                0x00000000100001cc                isr_irq30
                0x00000000100001cc                __unhandled_user_irq
                0x00000000100001cc                isr_irq13
                0x00000000100001cc                isr_irq27
                0x00000000100001cc                isr_irq31
                0x00000000100001cc                isr_irq5
                0x00000000100001cc                isr_irq11
                0x00000000100001cc                isr_irq23
                0x00000000100001cc                isr_irq18
                0x00000000100001cc                isr_irq28
                0x00000000100001cc                isr_irq19
                0x00000000100001cc                isr_irq0
                0x00000000100001cc                isr_irq6
                0x00000000100001cc                isr_irq22
                0x00000000100001cc                isr_irq17
                0x00000000100001cc                isr_irq14
                0x00000000100001cc                isr_irq2
                0x00000000100001cc                isr_irq10
                0x00000000100001cc                isr_irq8
                0x00000000100001cc                isr_irq24
                0x00000000100001cc                isr_irq1
                0x00000000100001cc                isr_irq7
                0x00000000100001cc                isr_irq21
                0x00000000100001cc                isr_irq20
                0x00000000100001cc                isr_irq15
                0x00000000100001cc                isr_irq25
                0x00000000100001cc                isr_irq4
                0x00000000100001cc                isr_irq16
                0x00000000100001cc                isr_irq29
                0x00000000100001cc                isr_irq26
                0x00000000100001cc                __default_isrs_end
                0x00000000100001cc                isr_irq3
                0x00000000100001cc                isr_irq12
                0x00000000100001cc                isr_irq9
                0x00000000100001d2                unhandled_user_irq_num_in_r0
 *(.binary_info_header)
 .binary_info_header
                0x00000000100001d4       0x14 CMakeFiles/app.dir/freertos-pico/pico-sdk/src/rp2_common/pico_standard_link/crt0.S.obj
                0x00000000100001e8                __binary_info_header_end = .
 *(.reset)
 .reset         0x00000000100001e8       0xa0 CMakeFiles/app.dir/freertos-pico/pico-sdk/src/rp2_common/pico_standard_link/crt0.S.obj
                0x00000000100001e8                _entry_point
 .reset         0x0000000010000288       0x30 CMakeFiles/app.dir/freertos-pico/pico-sdk/src/rp2_common/pico_standard_link/binary_info.c.obj
 *(.init)
 .init          0x00000000100002b8        0x4 /usr/lib/gcc/arm-none-eabi/10.3.1/thumb/v6-m/nofp/crti.o
                0x00000000100002b8                _init
 *(EXCLUDE_FILE(*libm.a: *libc.a:*lib_a-mem*.o *libgcc.a:) .text*)
 .text          0x00000000100002bc       0x98 /usr/lib/gcc/arm-none-eabi/10.3.1/thumb/v6-m/nofp/crtbegin.o
 .text._ZL10TaskButtonPv
                0x0000000010000354       0x3c CMakeFiles/app.dir/main.cpp.obj
 .text._ZL9TaskBlinkPv
                0x0000000010000390       0x44 CMakeFiles/app.dir/main.cpp.obj
 .text._ZL9TaskServoPv
                0x00000000100003d4       0xbc CMakeFiles/app.dir/main.cpp.obj
 .text._ZL8TaskWifiPv
                0x0000000010000490      0x210 CMakeFiles/app.dir/main.cpp.obj
 .text.startup.main
                0x00000000100006a0       0x84 CMakeFiles/app.dir/main.cpp.obj
                0x00000000100006a0                main
 .text.clear_lwip_context
                0x0000000010000724       0x10 CMakeFiles/app.dir/freertos-pico/pico-sdk/src/rp2_common/pico_lwip/lwip_freertos.c.obj
 .text.tcpip_init_done
                0x0000000010000734       0x10 CMakeFiles/app.dir/freertos-pico/pico-sdk/src/rp2_common/pico_lwip/lwip_freertos.c.obj
 .text.lwip_freertos_init
                0x0000000010000744       0x68 CMakeFiles/app.dir/freertos-pico/pico-sdk/src/rp2_common/pico_lwip/lwip_freertos.c.obj
                0x0000000010000744                lwip_freertos_init
 .text.lwip_freertos_deinit
                0x00000000100007ac       0x14 CMakeFiles/app.dir/freertos-pico/pico-sdk/src/rp2_common/pico_lwip/lwip_freertos.c.obj
                0x00000000100007ac                lwip_freertos_deinit
 .text.pico_lwip_custom_lock_tcpip_core
                0x00000000100007c0       0x30 CMakeFiles/app.dir/freertos-pico/pico-sdk/src/rp2_common/pico_lwip/lwip_freertos.c.obj
                0x00000000100007c0                pico_lwip_custom_lock_tcpip_core
 .text.pico_lwip_custom_unlock_tcpip_core
                0x00000000100007f0       0x14 CMakeFiles/app.dir/freertos-pico/pico-sdk/src/rp2_common/pico_lwip/lwip_freertos.c.obj
                0x00000000100007f0                pico_lwip_custom_unlock_tcpip_core
 .text.async_context_base_add_at_time_worker
                0x0000000010000804       0x28 CMakeFiles/app.dir/freertos-pico/pico-sdk/src/rp2_common/pico_async_context/async_context_base.c.obj
                0x0000000010000804                async_context_base_add_at_time_worker
 .text.async_context_base_remove_at_time_worker
                0x000000001000082c       0x28 CMakeFiles/app.dir/freertos-pico/pico-sdk/src/rp2_common/pico_async_context/async_context_base.c.obj
                0x000000001000082c                async_context_base_remove_at_time_worker
 .text.async_context_base_add_when_pending_worker
                0x0000000010000854       0x24 CMakeFiles/app.dir/freertos-pico/pico-sdk/src/rp2_common/pico_async_context/async_context_base.c.obj
                0x0000000010000854                async_context_base_add_when_pending_worker
 .text.async_context_base_remove_when_pending_worker
                0x0000000010000878       0x28 CMakeFiles/app.dir/freertos-pico/pico-sdk/src/rp2_common/pico_async_context/async_context_base.c.obj
                0x0000000010000878                async_context_base_remove_when_pending_worker
 .text.async_context_base_execute_once
                0x00000000100008a0       0xe8 CMakeFiles/app.dir/freertos-pico/pico-sdk/src/rp2_common/pico_async_context/async_context_base.c.obj
                0x00000000100008a0                async_context_base_execute_once
 .text.running_on_fpga
                0x0000000010000988       0x10 CMakeFiles/app.dir/freertos-pico/pico-sdk/src/rp2_common/pico_platform/platform.c.obj
                0x0000000010000988                running_on_fpga
 .text.lwip_init
                0x0000000010000998       0x28 CMakeFiles/app.dir/freertos-pico/pico-sdk/lib/lwip/src/core/init.c.obj
                0x0000000010000998                lwip_init
 .text.lwip_htons
                0x00000000100009c0        0x8 CMakeFiles/app.dir/freertos-pico/pico-sdk/lib/lwip/src/core/def.c.obj
                0x00000000100009c0                lwip_htons
 .text.lwip_htonl
                0x00000000100009c8        0x4 CMakeFiles/app.dir/freertos-pico/pico-sdk/lib/lwip/src/core/def.c.obj
                0x00000000100009c8                lwip_htonl
 .text.dns_call_found
                0x00000000100009cc      0x134 CMakeFiles/app.dir/freertos-pico/pico-sdk/lib/lwip/src/core/dns.c.obj
 .text.dns_send.isra.0
                0x0000000010000b00      0x168 CMakeFiles/app.dir/freertos-pico/pico-sdk/lib/lwip/src/core/dns.c.obj
 .text.dns_init
                0x0000000010000c68        0x4 CMakeFiles/app.dir/freertos-pico/pico-sdk/lib/lwip/src/core/dns.c.obj
                0x0000000010000c68                dns_init
 .text.dns_setserver
                0x0000000010000c6c       0x2c CMakeFiles/app.dir/freertos-pico/pico-sdk/lib/lwip/src/core/dns.c.obj
                0x0000000010000c6c                dns_setserver
 .text.dns_tmr  0x0000000010000c98      0x138 CMakeFiles/app.dir/freertos-pico/pico-sdk/lib/lwip/src/core/dns.c.obj
                0x0000000010000c98                dns_tmr
 .text.lwip_standard_chksum
                0x0000000010000dd0       0xd8 CMakeFiles/app.dir/freertos-pico/pico-sdk/lib/lwip/src/core/inet_chksum.c.obj
                0x0000000010000dd0                lwip_standard_chksum
 .text.inet_chksum_pseudo
                0x0000000010000ea8       0xb4 CMakeFiles/app.dir/freertos-pico/pico-sdk/lib/lwip/src/core/inet_chksum.c.obj
                0x0000000010000ea8                inet_chksum_pseudo
 .text.ip_chksum_pseudo
                0x0000000010000f5c       0x10 CMakeFiles/app.dir/freertos-pico/pico-sdk/lib/lwip/src/core/inet_chksum.c.obj
                0x0000000010000f5c                ip_chksum_pseudo
 .text.inet_chksum
                0x0000000010000f6c        0xc CMakeFiles/app.dir/freertos-pico/pico-sdk/lib/lwip/src/core/inet_chksum.c.obj
                0x0000000010000f6c                inet_chksum
 .text.inet_chksum_pbuf
                0x0000000010000f78       0x6c CMakeFiles/app.dir/freertos-pico/pico-sdk/lib/lwip/src/core/inet_chksum.c.obj
                0x0000000010000f78                inet_chksum_pbuf
 .text.mem_init
                0x0000000010000fe4       0x58 CMakeFiles/app.dir/freertos-pico/pico-sdk/lib/lwip/src/core/mem.c.obj
                0x0000000010000fe4                mem_init
 .text.mem_free
                0x000000001000103c      0x14c CMakeFiles/app.dir/freertos-pico/pico-sdk/lib/lwip/src/core/mem.c.obj
                0x000000001000103c                mem_free
 .text.mem_trim
                0x0000000010001188      0x134 CMakeFiles/app.dir/freertos-pico/pico-sdk/lib/lwip/src/core/mem.c.obj
                0x0000000010001188                mem_trim
 .text.mem_malloc
                0x00000000100012bc      0x148 CMakeFiles/app.dir/freertos-pico/pico-sdk/lib/lwip/src/core/mem.c.obj
                0x00000000100012bc                mem_malloc
 .text.memp_init
                0x0000000010001404       0x6c CMakeFiles/app.dir/freertos-pico/pico-sdk/lib/lwip/src/core/memp.c.obj
                0x0000000010001404                memp_init
 .text.memp_malloc
                0x0000000010001470       0x3c CMakeFiles/app.dir/freertos-pico/pico-sdk/lib/lwip/src/core/memp.c.obj
                0x0000000010001470                memp_malloc
 .text.memp_free
                0x00000000100014ac       0x38 CMakeFiles/app.dir/freertos-pico/pico-sdk/lib/lwip/src/core/memp.c.obj
                0x00000000100014ac                memp_free
 .text.netif_null_output_ip4
                0x00000000100014e4        0x8 CMakeFiles/app.dir/freertos-pico/pico-sdk/lib/lwip/src/core/netif.c.obj
 .text.netif_do_set_ipaddr.isra.0
                0x00000000100014ec       0x70 CMakeFiles/app.dir/freertos-pico/pico-sdk/lib/lwip/src/core/netif.c.obj
 .text.netif_init
                0x000000001000155c        0x4 CMakeFiles/app.dir/freertos-pico/pico-sdk/lib/lwip/src/core/netif.c.obj
                0x000000001000155c                netif_init
 .text.netif_add
                0x0000000010001560      0x144 CMakeFiles/app.dir/freertos-pico/pico-sdk/lib/lwip/src/core/netif.c.obj
                0x0000000010001560                netif_add
 .text.netif_set_addr
                0x00000000100016a4       0xb8 CMakeFiles/app.dir/freertos-pico/pico-sdk/lib/lwip/src/core/netif.c.obj
                0x00000000100016a4                netif_set_addr
 .text.netif_remove
                0x000000001000175c       0x94 CMakeFiles/app.dir/freertos-pico/pico-sdk/lib/lwip/src/core/netif.c.obj
                0x000000001000175c                netif_remove
 .text.netif_set_default
                0x00000000100017f0        0xc CMakeFiles/app.dir/freertos-pico/pico-sdk/lib/lwip/src/core/netif.c.obj
                0x00000000100017f0                netif_set_default
 .text.netif_set_up
                0x00000000100017fc       0x40 CMakeFiles/app.dir/freertos-pico/pico-sdk/lib/lwip/src/core/netif.c.obj
                0x00000000100017fc                netif_set_up
 .text.netif_set_link_up
                0x000000001000183c       0x44 CMakeFiles/app.dir/freertos-pico/pico-sdk/lib/lwip/src/core/netif.c.obj
                0x000000001000183c                netif_set_link_up
 .text.netif_set_link_down
                0x0000000010001880       0x20 CMakeFiles/app.dir/freertos-pico/pico-sdk/lib/lwip/src/core/netif.c.obj
                0x0000000010001880                netif_set_link_down
 .text.netif_get_by_index
                0x00000000100018a0       0x2c CMakeFiles/app.dir/freertos-pico/pico-sdk/lib/lwip/src/core/netif.c.obj
                0x00000000100018a0                netif_get_by_index
 .text.pbuf_free_ooseq_callback
                0x00000000100018cc       0x34 CMakeFiles/app.dir/freertos-pico/pico-sdk/lib/lwip/src/core/pbuf.c.obj
 .text.pbuf_free.part.0
                0x0000000010001900       0x7c CMakeFiles/app.dir/freertos-pico/pico-sdk/lib/lwip/src/core/pbuf.c.obj
 .text.pbuf_alloc
                0x000000001000197c      0x158 CMakeFiles/app.dir/freertos-pico/pico-sdk/lib/lwip/src/core/pbuf.c.obj
                0x000000001000197c                pbuf_alloc
 .text.pbuf_realloc
                0x0000000010001ad4       0x88 CMakeFiles/app.dir/freertos-pico/pico-sdk/lib/lwip/src/core/pbuf.c.obj
                0x0000000010001ad4                pbuf_realloc
 .text.pbuf_add_header
                0x0000000010001b5c       0x54 CMakeFiles/app.dir/freertos-pico/pico-sdk/lib/lwip/src/core/pbuf.c.obj
                0x0000000010001b5c                pbuf_add_header
 .text.pbuf_remove_header
                0x0000000010001bb0       0x44 CMakeFiles/app.dir/freertos-pico/pico-sdk/lib/lwip/src/core/pbuf.c.obj
                0x0000000010001bb0                pbuf_remove_header
 .text.pbuf_header_force
                0x0000000010001bf4       0x74 CMakeFiles/app.dir/freertos-pico/pico-sdk/lib/lwip/src/core/pbuf.c.obj
                0x0000000010001bf4                pbuf_header_force
 .text.pbuf_free_header
                0x0000000010001c68       0x44 CMakeFiles/app.dir/freertos-pico/pico-sdk/lib/lwip/src/core/pbuf.c.obj
                0x0000000010001c68                pbuf_free_header
 .text.pbuf_free
                0x0000000010001cac       0x18 CMakeFiles/app.dir/freertos-pico/pico-sdk/lib/lwip/src/core/pbuf.c.obj
                0x0000000010001cac                pbuf_free
 .text.pbuf_clen
                0x0000000010001cc4       0x14 CMakeFiles/app.dir/freertos-pico/pico-sdk/lib/lwip/src/core/pbuf.c.obj
                0x0000000010001cc4                pbuf_clen
 .text.pbuf_ref
                0x0000000010001cd8       0x28 CMakeFiles/app.dir/freertos-pico/pico-sdk/lib/lwip/src/core/pbuf.c.obj
                0x0000000010001cd8                pbuf_ref
 .text.pbuf_cat
                0x0000000010001d00       0x3c CMakeFiles/app.dir/freertos-pico/pico-sdk/lib/lwip/src/core/pbuf.c.obj
                0x0000000010001d00                pbuf_cat
 .text.pbuf_chain
                0x0000000010001d3c       0x64 CMakeFiles/app.dir/freertos-pico/pico-sdk/lib/lwip/src/core/pbuf.c.obj
                0x0000000010001d3c                pbuf_chain
 .text.pbuf_copy_partial_pbuf
                0x0000000010001da0      0x13c CMakeFiles/app.dir/freertos-pico/pico-sdk/lib/lwip/src/core/pbuf.c.obj
                0x0000000010001da0                pbuf_copy_partial_pbuf
 .text.pbuf_copy
                0x0000000010001edc       0x18 CMakeFiles/app.dir/freertos-pico/pico-sdk/lib/lwip/src/core/pbuf.c.obj
                0x0000000010001edc                pbuf_copy
 .text.pbuf_copy_partial
                0x0000000010001ef4       0x70 CMakeFiles/app.dir/freertos-pico/pico-sdk/lib/lwip/src/core/pbuf.c.obj
                0x0000000010001ef4                pbuf_copy_partial
 .text.pbuf_take
                0x0000000010001f64       0x78 CMakeFiles/app.dir/freertos-pico/pico-sdk/lib/lwip/src/core/pbuf.c.obj
                0x0000000010001f64                pbuf_take
 .text.pbuf_take_at
                0x0000000010001fdc       0xc0 CMakeFiles/app.dir/freertos-pico/pico-sdk/lib/lwip/src/core/pbuf.c.obj
                0x0000000010001fdc                pbuf_take_at
 .text.pbuf_clone
                0x000000001000209c       0x30 CMakeFiles/app.dir/freertos-pico/pico-sdk/lib/lwip/src/core/pbuf.c.obj
                0x000000001000209c                pbuf_clone
 .text.pbuf_put_at
                0x00000000100020cc       0x1c CMakeFiles/app.dir/freertos-pico/pico-sdk/lib/lwip/src/core/pbuf.c.obj
                0x00000000100020cc                pbuf_put_at
 .text.raw_input
                0x00000000100020e8       0xf0 CMakeFiles/app.dir/freertos-pico/pico-sdk/lib/lwip/src/core/raw.c.obj
                0x00000000100020e8                raw_input
 .text.raw_bind
                0x00000000100021d8       0x18 CMakeFiles/app.dir/freertos-pico/pico-sdk/lib/lwip/src/core/raw.c.obj
                0x00000000100021d8                raw_bind
 .text.raw_recv
                0x00000000100021f0        0x8 CMakeFiles/app.dir/freertos-pico/pico-sdk/lib/lwip/src/core/raw.c.obj
                0x00000000100021f0                raw_recv
 .text.raw_remove
                0x00000000100021f8       0x34 CMakeFiles/app.dir/freertos-pico/pico-sdk/lib/lwip/src/core/raw.c.obj
                0x00000000100021f8                raw_remove
 .text.raw_new_ip_type
                0x000000001000222c       0x2c CMakeFiles/app.dir/freertos-pico/pico-sdk/lib/lwip/src/core/raw.c.obj
                0x000000001000222c                raw_new_ip_type
 .text.raw_netif_ip_addr_changed
                0x0000000010002258       0x40 CMakeFiles/app.dir/freertos-pico/pico-sdk/lib/lwip/src/core/raw.c.obj
                0x0000000010002258                raw_netif_ip_addr_changed
 .text.stats_init
                0x0000000010002298        0x4 CMakeFiles/app.dir/freertos-pico/pico-sdk/lib/lwip/src/core/stats.c.obj
                0x0000000010002298                stats_init
 .text.tcp_close_shutdown_fin
                0x000000001000229c       0x58 CMakeFiles/app.dir/freertos-pico/pico-sdk/lib/lwip/src/core/tcp.c.obj
 .text.tcp_pcb_purge.part.0
                0x00000000100022f4       0xc4 CMakeFiles/app.dir/freertos-pico/pico-sdk/lib/lwip/src/core/tcp.c.obj
 .text.tcp_init
                0x00000000100023b8       0x20 CMakeFiles/app.dir/freertos-pico/pico-sdk/lib/lwip/src/core/tcp.c.obj
                0x00000000100023b8                tcp_init
 .text.tcp_free
                0x00000000100023d8       0x1c CMakeFiles/app.dir/freertos-pico/pico-sdk/lib/lwip/src/core/tcp.c.obj
                0x00000000100023d8                tcp_free
 .text.tcp_bind
                0x00000000100023f4       0xf8 CMakeFiles/app.dir/freertos-pico/pico-sdk/lib/lwip/src/core/tcp.c.obj
                0x00000000100023f4                tcp_bind
 .text.tcp_listen_with_backlog_and_err
                0x00000000100024ec       0xb8 CMakeFiles/app.dir/freertos-pico/pico-sdk/lib/lwip/src/core/tcp.c.obj
                0x00000000100024ec                tcp_listen_with_backlog_and_err
 .text.tcp_update_rcv_ann_wnd
                0x00000000100025a4       0x60 CMakeFiles/app.dir/freertos-pico/pico-sdk/lib/lwip/src/core/tcp.c.obj
                0x00000000100025a4                tcp_update_rcv_ann_wnd
 .text.tcp_recved
                0x0000000010002604       0x98 CMakeFiles/app.dir/freertos-pico/pico-sdk/lib/lwip/src/core/tcp.c.obj
                0x0000000010002604                tcp_recved
 .text.tcp_slowtmr
                0x000000001000269c      0x4dc CMakeFiles/app.dir/freertos-pico/pico-sdk/lib/lwip/src/core/tcp.c.obj
                0x000000001000269c                tcp_slowtmr
 .text.tcp_segs_free
                0x0000000010002b78       0x38 CMakeFiles/app.dir/freertos-pico/pico-sdk/lib/lwip/src/core/tcp.c.obj
                0x0000000010002b78                tcp_segs_free
 .text.tcp_seg_free
                0x0000000010002bb0       0x1c CMakeFiles/app.dir/freertos-pico/pico-sdk/lib/lwip/src/core/tcp.c.obj
                0x0000000010002bb0                tcp_seg_free
 .text.tcp_seg_copy
                0x0000000010002bcc       0x2c CMakeFiles/app.dir/freertos-pico/pico-sdk/lib/lwip/src/core/tcp.c.obj
                0x0000000010002bcc                tcp_seg_copy
 .text.tcp_arg  0x0000000010002bf8        0x8 CMakeFiles/app.dir/freertos-pico/pico-sdk/lib/lwip/src/core/tcp.c.obj
                0x0000000010002bf8                tcp_arg
 .text.tcp_recv
                0x0000000010002c00       0x1c CMakeFiles/app.dir/freertos-pico/pico-sdk/lib/lwip/src/core/tcp.c.obj
                0x0000000010002c00                tcp_recv
 .text.tcp_sent
                0x0000000010002c1c       0x1c CMakeFiles/app.dir/freertos-pico/pico-sdk/lib/lwip/src/core/tcp.c.obj
                0x0000000010002c1c                tcp_sent
 .text.tcp_err  0x0000000010002c38       0x1c CMakeFiles/app.dir/freertos-pico/pico-sdk/lib/lwip/src/core/tcp.c.obj
                0x0000000010002c38                tcp_err
 .text.tcp_accept
                0x0000000010002c54       0x10 CMakeFiles/app.dir/freertos-pico/pico-sdk/lib/lwip/src/core/tcp.c.obj
                0x0000000010002c54                tcp_accept
 .text.tcp_poll
                0x0000000010002c64       0x20 CMakeFiles/app.dir/freertos-pico/pico-sdk/lib/lwip/src/core/tcp.c.obj
                0x0000000010002c64                tcp_poll
 .text.tcp_pcb_purge
                0x0000000010002c84       0x18 CMakeFiles/app.dir/freertos-pico/pico-sdk/lib/lwip/src/core/tcp.c.obj
                0x0000000010002c84                tcp_pcb_purge
 .text.tcp_pcb_remove
                0x0000000010002c9c       0xc8 CMakeFiles/app.dir/freertos-pico/pico-sdk/lib/lwip/src/core/tcp.c.obj
                0x0000000010002c9c                tcp_pcb_remove
 .text.tcp_abandon
                0x0000000010002d64      0x1ac CMakeFiles/app.dir/freertos-pico/pico-sdk/lib/lwip/src/core/tcp.c.obj
                0x0000000010002d64                tcp_abandon
 .text.tcp_abort
                0x0000000010002f10        0xc CMakeFiles/app.dir/freertos-pico/pico-sdk/lib/lwip/src/core/tcp.c.obj
                0x0000000010002f10                tcp_abort
 .text.tcp_accept_null
                0x0000000010002f1c       0x20 CMakeFiles/app.dir/freertos-pico/pico-sdk/lib/lwip/src/core/tcp.c.obj
 .text.tcp_alloc
                0x0000000010002f3c      0x1cc CMakeFiles/app.dir/freertos-pico/pico-sdk/lib/lwip/src/core/tcp.c.obj
                0x0000000010002f3c                tcp_alloc
 .text.tcp_new_ip_type
                0x0000000010003108      0x1ac CMakeFiles/app.dir/freertos-pico/pico-sdk/lib/lwip/src/core/tcp.c.obj
                0x0000000010003108                tcp_new_ip_type
 .text.tcp_close_shutdown
                0x00000000100032b4      0x18c CMakeFiles/app.dir/freertos-pico/pico-sdk/lib/lwip/src/core/tcp.c.obj
 .text.tcp_shutdown
                0x0000000010003440       0x60 CMakeFiles/app.dir/freertos-pico/pico-sdk/lib/lwip/src/core/tcp.c.obj
                0x0000000010003440                tcp_shutdown
 .text.tcp_recv_null
                0x00000000100034a0       0xd4 CMakeFiles/app.dir/freertos-pico/pico-sdk/lib/lwip/src/core/tcp.c.obj
                0x00000000100034a0                tcp_recv_null
 .text.tcp_process_refused_data
                0x0000000010003574       0x78 CMakeFiles/app.dir/freertos-pico/pico-sdk/lib/lwip/src/core/tcp.c.obj
                0x0000000010003574                tcp_process_refused_data
 .text.tcp_fasttmr
                0x00000000100035ec       0x98 CMakeFiles/app.dir/freertos-pico/pico-sdk/lib/lwip/src/core/tcp.c.obj
                0x00000000100035ec                tcp_fasttmr
 .text.tcp_tmr  0x0000000010003684       0x20 CMakeFiles/app.dir/freertos-pico/pico-sdk/lib/lwip/src/core/tcp.c.obj
                0x0000000010003684                tcp_tmr
 .text.tcp_close
                0x00000000100036a4      0x174 CMakeFiles/app.dir/freertos-pico/pico-sdk/lib/lwip/src/core/tcp.c.obj
                0x00000000100036a4                tcp_close
 .text.tcp_next_iss
                0x0000000010003818       0x28 CMakeFiles/app.dir/freertos-pico/pico-sdk/lib/lwip/src/core/tcp.c.obj
                0x0000000010003818                tcp_next_iss
 .text.tcp_eff_send_mss_netif
                0x0000000010003840       0x38 CMakeFiles/app.dir/freertos-pico/pico-sdk/lib/lwip/src/core/tcp.c.obj
                0x0000000010003840                tcp_eff_send_mss_netif
 .text.tcp_netif_ip_addr_changed
                0x0000000010003878       0x9c CMakeFiles/app.dir/freertos-pico/pico-sdk/lib/lwip/src/core/tcp.c.obj
                0x0000000010003878                tcp_netif_ip_addr_changed
 .text.tcp_free_ooseq
                0x0000000010003914       0x40 CMakeFiles/app.dir/freertos-pico/pico-sdk/lib/lwip/src/core/tcp.c.obj
                0x0000000010003914                tcp_free_ooseq
 .text.tcp_parseopt
                0x0000000010003954      0x190 CMakeFiles/app.dir/freertos-pico/pico-sdk/lib/lwip/src/core/tcp_in.c.obj
 .text.tcp_oos_insert_segment
                0x0000000010003ae4       0xe0 CMakeFiles/app.dir/freertos-pico/pico-sdk/lib/lwip/src/core/tcp_in.c.obj
 .text.tcp_free_acked_segments.constprop.0
                0x0000000010003bc4       0xdc CMakeFiles/app.dir/freertos-pico/pico-sdk/lib/lwip/src/core/tcp_in.c.obj
 .text.tcp_receive
                0x0000000010003ca0      0xa4c CMakeFiles/app.dir/freertos-pico/pico-sdk/lib/lwip/src/core/tcp_in.c.obj
 .text.tcp_input
                0x00000000100046ec      0xda4 CMakeFiles/app.dir/freertos-pico/pico-sdk/lib/lwip/src/core/tcp_in.c.obj
                0x00000000100046ec                tcp_input
 .text.tcp_trigger_input_pcb_close
                0x0000000010005490       0x10 CMakeFiles/app.dir/freertos-pico/pico-sdk/lib/lwip/src/core/tcp_in.c.obj
                0x0000000010005490                tcp_trigger_input_pcb_close
 .text.tcp_create_segment
                0x00000000100054a0       0xf8 CMakeFiles/app.dir/freertos-pico/pico-sdk/lib/lwip/src/core/tcp_out.c.obj
 .text.tcp_output_control_segment
                0x0000000010005598       0xc0 CMakeFiles/app.dir/freertos-pico/pico-sdk/lib/lwip/src/core/tcp_out.c.obj
 .text.tcp_output_alloc_header.constprop.0
                0x0000000010005658       0xcc CMakeFiles/app.dir/freertos-pico/pico-sdk/lib/lwip/src/core/tcp_out.c.obj
 .text.tcp_write
                0x0000000010005724      0x494 CMakeFiles/app.dir/freertos-pico/pico-sdk/lib/lwip/src/core/tcp_out.c.obj
                0x0000000010005724                tcp_write
 .text.tcp_split_unsent_seg
                0x0000000010005bb8      0x1c4 CMakeFiles/app.dir/freertos-pico/pico-sdk/lib/lwip/src/core/tcp_out.c.obj
                0x0000000010005bb8                tcp_split_unsent_seg
 .text.tcp_send_fin
                0x0000000010005d7c      0x12c CMakeFiles/app.dir/freertos-pico/pico-sdk/lib/lwip/src/core/tcp_out.c.obj
                0x0000000010005d7c                tcp_send_fin
 .text.tcp_enqueue_flags
                0x0000000010005ea8      0x124 CMakeFiles/app.dir/freertos-pico/pico-sdk/lib/lwip/src/core/tcp_out.c.obj
                0x0000000010005ea8                tcp_enqueue_flags
 .text.tcp_rexmit_rto_prepare
                0x0000000010005fcc       0x9c CMakeFiles/app.dir/freertos-pico/pico-sdk/lib/lwip/src/core/tcp_out.c.obj
                0x0000000010005fcc                tcp_rexmit_rto_prepare
 .text.tcp_rexmit
                0x0000000010006068       0x9c CMakeFiles/app.dir/freertos-pico/pico-sdk/lib/lwip/src/core/tcp_out.c.obj
                0x0000000010006068                tcp_rexmit
 .text.tcp_rexmit_fast
                0x0000000010006104       0x64 CMakeFiles/app.dir/freertos-pico/pico-sdk/lib/lwip/src/core/tcp_out.c.obj
                0x0000000010006104                tcp_rexmit_fast
 .text.tcp_rst  0x0000000010006168       0xe8 CMakeFiles/app.dir/freertos-pico/pico-sdk/lib/lwip/src/core/tcp_out.c.obj
                0x0000000010006168                tcp_rst
 .text.tcp_rst_netif
                0x0000000010006250      0x130 CMakeFiles/app.dir/freertos-pico/pico-sdk/lib/lwip/src/core/tcp_out.c.obj
                0x0000000010006250                tcp_rst_netif
 .text.tcp_send_empty_ack
                0x0000000010006380       0x54 CMakeFiles/app.dir/freertos-pico/pico-sdk/lib/lwip/src/core/tcp_out.c.obj
                0x0000000010006380                tcp_send_empty_ack
 .text.tcp_output
                0x00000000100063d4      0x46c CMakeFiles/app.dir/freertos-pico/pico-sdk/lib/lwip/src/core/tcp_out.c.obj
                0x00000000100063d4                tcp_output
 .text.tcp_rexmit_rto_commit
                0x0000000010006840       0x24 CMakeFiles/app.dir/freertos-pico/pico-sdk/lib/lwip/src/core/tcp_out.c.obj
                0x0000000010006840                tcp_rexmit_rto_commit
 .text.tcp_rexmit_rto
                0x0000000010006864       0xa4 CMakeFiles/app.dir/freertos-pico/pico-sdk/lib/lwip/src/core/tcp_out.c.obj
                0x0000000010006864                tcp_rexmit_rto
 .text.tcp_keepalive
                0x0000000010006908       0xe0 CMakeFiles/app.dir/freertos-pico/pico-sdk/lib/lwip/src/core/tcp_out.c.obj
                0x0000000010006908                tcp_keepalive
 .text.tcp_zero_window_probe
                0x00000000100069e8      0x108 CMakeFiles/app.dir/freertos-pico/pico-sdk/lib/lwip/src/core/tcp_out.c.obj
                0x00000000100069e8                tcp_zero_window_probe
 .text.sys_timeout_abs
                0x0000000010006af0       0x48 CMakeFiles/app.dir/freertos-pico/pico-sdk/lib/lwip/src/core/timeouts.c.obj
 .text.lwip_cyclic_timer
                0x0000000010006b38       0x38 CMakeFiles/app.dir/freertos-pico/pico-sdk/lib/lwip/src/core/timeouts.c.obj
 .text.tcpip_tcp_timer
                0x0000000010006b70       0x3c CMakeFiles/app.dir/freertos-pico/pico-sdk/lib/lwip/src/core/timeouts.c.obj
 .text.tcp_timer_needed
                0x0000000010006bac       0x40 CMakeFiles/app.dir/freertos-pico/pico-sdk/lib/lwip/src/core/timeouts.c.obj
                0x0000000010006bac                tcp_timer_needed
 .text.sys_timeouts_init
                0x0000000010006bec       0x90 CMakeFiles/app.dir/freertos-pico/pico-sdk/lib/lwip/src/core/timeouts.c.obj
                0x0000000010006bec                sys_timeouts_init
 .text.sys_check_timeouts
                0x0000000010006c7c       0x48 CMakeFiles/app.dir/freertos-pico/pico-sdk/lib/lwip/src/core/timeouts.c.obj
                0x0000000010006c7c                sys_check_timeouts
 .text.sys_timeouts_sleeptime
                0x0000000010006cc4       0x28 CMakeFiles/app.dir/freertos-pico/pico-sdk/lib/lwip/src/core/timeouts.c.obj
                0x0000000010006cc4                sys_timeouts_sleeptime
 .text.udp_init
                0x0000000010006cec       0x20 CMakeFiles/app.dir/freertos-pico/pico-sdk/lib/lwip/src/core/udp.c.obj
                0x0000000010006cec                udp_init
 .text.udp_input
                0x0000000010006d0c      0x24c CMakeFiles/app.dir/freertos-pico/pico-sdk/lib/lwip/src/core/udp.c.obj
                0x0000000010006d0c                udp_input
 .text.udp_bind
                0x0000000010006f58      0x10c CMakeFiles/app.dir/freertos-pico/pico-sdk/lib/lwip/src/core/udp.c.obj
                0x0000000010006f58                udp_bind
 .text.udp_sendto_if_src
                0x0000000010007064      0x130 CMakeFiles/app.dir/freertos-pico/pico-sdk/lib/lwip/src/core/udp.c.obj
                0x0000000010007064                udp_sendto_if_src
 .text.udp_sendto_if
                0x0000000010007194       0x48 CMakeFiles/app.dir/freertos-pico/pico-sdk/lib/lwip/src/core/udp.c.obj
                0x0000000010007194                udp_sendto_if
 .text.udp_sendto
                0x00000000100071dc       0x7c CMakeFiles/app.dir/freertos-pico/pico-sdk/lib/lwip/src/core/udp.c.obj
                0x00000000100071dc                udp_sendto
 .text.udp_connect
                0x0000000010007258       0x64 CMakeFiles/app.dir/freertos-pico/pico-sdk/lib/lwip/src/core/udp.c.obj
                0x0000000010007258                udp_connect
 .text.udp_recv
                0x00000000100072bc        0xc CMakeFiles/app.dir/freertos-pico/pico-sdk/lib/lwip/src/core/udp.c.obj
                0x00000000100072bc                udp_recv
 .text.udp_remove
                0x00000000100072c8       0x3c CMakeFiles/app.dir/freertos-pico/pico-sdk/lib/lwip/src/core/udp.c.obj
                0x00000000100072c8                udp_remove
 .text.udp_new  0x0000000010007304       0x1c CMakeFiles/app.dir/freertos-pico/pico-sdk/lib/lwip/src/core/udp.c.obj
                0x0000000010007304                udp_new
 .text.udp_new_ip_type
                0x0000000010007320       0x1c CMakeFiles/app.dir/freertos-pico/pico-sdk/lib/lwip/src/core/udp.c.obj
                0x0000000010007320                udp_new_ip_type
 .text.udp_netif_ip_addr_changed
                0x000000001000733c       0x40 CMakeFiles/app.dir/freertos-pico/pico-sdk/lib/lwip/src/core/udp.c.obj
                0x000000001000733c                udp_netif_ip_addr_changed
 .text.dhcp_create_msg
                0x000000001000737c      0x16c CMakeFiles/app.dir/freertos-pico/pico-sdk/lib/lwip/src/core/ipv4/dhcp.c.obj
 .text.dhcp_inc_pcb_refcount
                0x00000000100074e8       0x6c CMakeFiles/app.dir/freertos-pico/pico-sdk/lib/lwip/src/core/ipv4/dhcp.c.obj
 .text.dhcp_bind
                0x0000000010007554      0x140 CMakeFiles/app.dir/freertos-pico/pico-sdk/lib/lwip/src/core/ipv4/dhcp.c.obj
 .text.dhcp_option_hostname.isra.0
                0x0000000010007694       0x8c CMakeFiles/app.dir/freertos-pico/pico-sdk/lib/lwip/src/core/ipv4/dhcp.c.obj
 .text.dhcp_handle_ack.isra.0
                0x0000000010007720       0xcc CMakeFiles/app.dir/freertos-pico/pico-sdk/lib/lwip/src/core/ipv4/dhcp.c.obj
 .text.dhcp_reboot.isra.0
                0x00000000100077ec      0x1e4 CMakeFiles/app.dir/freertos-pico/pico-sdk/lib/lwip/src/core/ipv4/dhcp.c.obj
 .text.dhcp_discover
                0x00000000100079d0      0x198 CMakeFiles/app.dir/freertos-pico/pico-sdk/lib/lwip/src/core/ipv4/dhcp.c.obj
 .text.dhcp_select.isra.0
                0x0000000010007b68      0x268 CMakeFiles/app.dir/freertos-pico/pico-sdk/lib/lwip/src/core/ipv4/dhcp.c.obj
 .text.dhcp_recv
                0x0000000010007dd0      0x494 CMakeFiles/app.dir/freertos-pico/pico-sdk/lib/lwip/src/core/ipv4/dhcp.c.obj
 .text.dhcp_set_struct
                0x0000000010008264       0x44 CMakeFiles/app.dir/freertos-pico/pico-sdk/lib/lwip/src/core/ipv4/dhcp.c.obj
                0x0000000010008264                dhcp_set_struct
 .text.dhcp_network_changed_link_up
                0x00000000100082a8       0x40 CMakeFiles/app.dir/freertos-pico/pico-sdk/lib/lwip/src/core/ipv4/dhcp.c.obj
                0x00000000100082a8                dhcp_network_changed_link_up
 .text.dhcp_renew
                0x00000000100082e8      0x1b8 CMakeFiles/app.dir/freertos-pico/pico-sdk/lib/lwip/src/core/ipv4/dhcp.c.obj
                0x00000000100082e8                dhcp_renew
 .text.dhcp_release_and_stop
                0x00000000100084a0      0x180 CMakeFiles/app.dir/freertos-pico/pico-sdk/lib/lwip/src/core/ipv4/dhcp.c.obj
                0x00000000100084a0                dhcp_release_and_stop
 .text.dhcp_start
                0x0000000010008620       0xb0 CMakeFiles/app.dir/freertos-pico/pico-sdk/lib/lwip/src/core/ipv4/dhcp.c.obj
                0x0000000010008620                dhcp_start
 .text.dhcp_coarse_tmr
                0x00000000100086d0      0x238 CMakeFiles/app.dir/freertos-pico/pico-sdk/lib/lwip/src/core/ipv4/dhcp.c.obj
                0x00000000100086d0                dhcp_coarse_tmr
 .text.dhcp_fine_tmr
                0x0000000010008908       0x78 CMakeFiles/app.dir/freertos-pico/pico-sdk/lib/lwip/src/core/ipv4/dhcp.c.obj
                0x0000000010008908                dhcp_fine_tmr
 .text.dhcp_stop
                0x0000000010008980      0x180 CMakeFiles/app.dir/freertos-pico/pico-sdk/lib/lwip/src/core/ipv4/dhcp.c.obj
                0x0000000010008980                dhcp_stop
 .text.etharp_find_entry
                0x0000000010008b00     0x1fbc CMakeFiles/app.dir/freertos-pico/pico-sdk/lib/lwip/src/core/ipv4/etharp.c.obj
 .text.etharp_raw
                0x000000001000aabc       0xec CMakeFiles/app.dir/freertos-pico/pico-sdk/lib/lwip/src/core/ipv4/etharp.c.obj
 .text.etharp_output_to_arp_index
                0x000000001000aba8       0xe4 CMakeFiles/app.dir/freertos-pico/pico-sdk/lib/lwip/src/core/ipv4/etharp.c.obj
 .text.etharp_tmr
                0x000000001000ac8c       0x94 CMakeFiles/app.dir/freertos-pico/pico-sdk/lib/lwip/src/core/ipv4/etharp.c.obj
                0x000000001000ac8c                etharp_tmr
 .text.etharp_cleanup_netif
                0x000000001000ad20      0x188 CMakeFiles/app.dir/freertos-pico/pico-sdk/lib/lwip/src/core/ipv4/etharp.c.obj
                0x000000001000ad20                etharp_cleanup_netif
 .text.etharp_input
                0x000000001000aea8      0x1b0 CMakeFiles/app.dir/freertos-pico/pico-sdk/lib/lwip/src/core/ipv4/etharp.c.obj
                0x000000001000aea8                etharp_input
 .text.etharp_query
                0x000000001000b058      0x1c0 CMakeFiles/app.dir/freertos-pico/pico-sdk/lib/lwip/src/core/ipv4/etharp.c.obj
                0x000000001000b058                etharp_query
 .text.etharp_output
                0x000000001000b218      0x24c CMakeFiles/app.dir/freertos-pico/pico-sdk/lib/lwip/src/core/ipv4/etharp.c.obj
                0x000000001000b218                etharp_output
 .text.etharp_request
                0x000000001000b464       0x2c CMakeFiles/app.dir/freertos-pico/pico-sdk/lib/lwip/src/core/ipv4/etharp.c.obj
                0x000000001000b464                etharp_request
 .text.icmp_input
                0x000000001000b490      0x1e8 CMakeFiles/app.dir/freertos-pico/pico-sdk/lib/lwip/src/core/ipv4/icmp.c.obj
                0x000000001000b490                icmp_input
 .text.icmp_dest_unreach
                0x000000001000b678       0xd0 CMakeFiles/app.dir/freertos-pico/pico-sdk/lib/lwip/src/core/ipv4/icmp.c.obj
                0x000000001000b678                icmp_dest_unreach
 .text.icmp_time_exceeded
                0x000000001000b748       0xd0 CMakeFiles/app.dir/freertos-pico/pico-sdk/lib/lwip/src/core/ipv4/icmp.c.obj
                0x000000001000b748                icmp_time_exceeded
 .text.ip_reass_free_complete_datagram
                0x000000001000b818      0x114 CMakeFiles/app.dir/freertos-pico/pico-sdk/lib/lwip/src/core/ipv4/ip4_frag.c.obj
 .text.ip_reass_remove_oldest_datagram
                0x000000001000b92c       0xd8 CMakeFiles/app.dir/freertos-pico/pico-sdk/lib/lwip/src/core/ipv4/ip4_frag.c.obj
 .text.ip_reass_tmr
                0x000000001000ba04       0x38 CMakeFiles/app.dir/freertos-pico/pico-sdk/lib/lwip/src/core/ipv4/ip4_frag.c.obj
                0x000000001000ba04                ip_reass_tmr
 .text.ip4_reass
                0x000000001000ba3c      0x534 CMakeFiles/app.dir/freertos-pico/pico-sdk/lib/lwip/src/core/ipv4/ip4_frag.c.obj
                0x000000001000ba3c                ip4_reass
 .text.ip4_frag
                0x000000001000bf70      0x17c CMakeFiles/app.dir/freertos-pico/pico-sdk/lib/lwip/src/core/ipv4/ip4_frag.c.obj
                0x000000001000bf70                ip4_frag
 .text.ip4_route
                0x000000001000c0ec       0x7c CMakeFiles/app.dir/freertos-pico/pico-sdk/lib/lwip/src/core/ipv4/ip4.c.obj
                0x000000001000c0ec                ip4_route
 .text.ip4_input
                0x000000001000c168      0x2cc CMakeFiles/app.dir/freertos-pico/pico-sdk/lib/lwip/src/core/ipv4/ip4.c.obj
                0x000000001000c168                ip4_input
 .text.ip4_output_if
                0x000000001000c434      0x190 CMakeFiles/app.dir/freertos-pico/pico-sdk/lib/lwip/src/core/ipv4/ip4.c.obj
                0x000000001000c434                ip4_output_if
 .text.ip4_output_if_src
                0x000000001000c5c4      0x17c CMakeFiles/app.dir/freertos-pico/pico-sdk/lib/lwip/src/core/ipv4/ip4.c.obj
                0x000000001000c5c4                ip4_output_if_src
 .text.ip4_addr_isbroadcast_u32
                0x000000001000c740       0x3c CMakeFiles/app.dir/freertos-pico/pico-sdk/lib/lwip/src/core/ipv4/ip4_addr.c.obj
                0x000000001000c740                ip4_addr_isbroadcast_u32
 .text.ip4addr_ntoa
                0x000000001000c77c       0xdc CMakeFiles/app.dir/freertos-pico/pico-sdk/lib/lwip/src/core/ipv4/ip4_addr.c.obj
                0x000000001000c77c                ip4addr_ntoa
 .text.err_to_errno
                0x000000001000c858       0x1c CMakeFiles/app.dir/freertos-pico/pico-sdk/lib/lwip/src/api/err.c.obj
                0x000000001000c858                err_to_errno
 .text.lwip_netconn_do_getaddr
                0x000000001000c874       0x88 CMakeFiles/app.dir/freertos-pico/pico-sdk/lib/lwip/src/api/sockets.c.obj
                0x000000001000c874                lwip_netconn_do_getaddr
 .text.lwip_netconn_do_newconn
                0x000000001000c8fc       0xc4 CMakeFiles/app.dir/freertos-pico/pico-sdk/lib/lwip/src/api/sockets.c.obj
                0x000000001000c8fc                lwip_netconn_do_newconn
 .text.lwip_netconn_do_writemore
                0x000000001000c9c0      0x270 CMakeFiles/app.dir/freertos-pico/pico-sdk/lib/lwip/src/api/sockets.c.obj
 .text.lwip_netconn_do_close_internal
                0x000000001000cc30      0x288 CMakeFiles/app.dir/freertos-pico/pico-sdk/lib/lwip/src/api/sockets.c.obj
 .text.poll_tcp
                0x000000001000ceb8       0x78 CMakeFiles/app.dir/freertos-pico/pico-sdk/lib/lwip/src/api/sockets.c.obj
 .text.recv_tcp
                0x000000001000cf30       0x90 CMakeFiles/app.dir/freertos-pico/pico-sdk/lib/lwip/src/api/sockets.c.obj
 .text.lwip_netconn_do_bind
                0x000000001000cfc0       0x44 CMakeFiles/app.dir/freertos-pico/pico-sdk/lib/lwip/src/api/sockets.c.obj
                0x000000001000cfc0                lwip_netconn_do_bind
 .text.lwip_netconn_do_listen
                0x000000001000d004       0xc0 CMakeFiles/app.dir/freertos-pico/pico-sdk/lib/lwip/src/api/sockets.c.obj
                0x000000001000d004                lwip_netconn_do_listen
 .text.err_tcp  0x000000001000d0c4      0x108 CMakeFiles/app.dir/freertos-pico/pico-sdk/lib/lwip/src/api/sockets.c.obj
 .text.sent_tcp
                0x000000001000d1cc       0x64 CMakeFiles/app.dir/freertos-pico/pico-sdk/lib/lwip/src/api/sockets.c.obj
 .text.lwip_netconn_do_recv
                0x000000001000d230       0x40 CMakeFiles/app.dir/freertos-pico/pico-sdk/lib/lwip/src/api/sockets.c.obj
                0x000000001000d230                lwip_netconn_do_recv
 .text.event_callback
                0x000000001000d270      0x1a0 CMakeFiles/app.dir/freertos-pico/pico-sdk/lib/lwip/src/api/sockets.c.obj
 .text.netconn_recv_data
                0x000000001000d410       0xf0 CMakeFiles/app.dir/freertos-pico/pico-sdk/lib/lwip/src/api/sockets.c.obj
 .text.netconn_drain
                0x000000001000d500      0x134 CMakeFiles/app.dir/freertos-pico/pico-sdk/lib/lwip/src/api/sockets.c.obj
 .text.lwip_netconn_do_delconn
                0x000000001000d634       0xdc CMakeFiles/app.dir/freertos-pico/pico-sdk/lib/lwip/src/api/sockets.c.obj
                0x000000001000d634                lwip_netconn_do_delconn
 .text.lwip_netconn_do_close
                0x000000001000d710       0x90 CMakeFiles/app.dir/freertos-pico/pico-sdk/lib/lwip/src/api/sockets.c.obj
                0x000000001000d710                lwip_netconn_do_close
 .text.netconn_delete.part.0
                0x000000001000d7a0       0x78 CMakeFiles/app.dir/freertos-pico/pico-sdk/lib/lwip/src/api/sockets.c.obj
 .text.recv_udp
                0x000000001000d818       0xa8 CMakeFiles/app.dir/freertos-pico/pico-sdk/lib/lwip/src/api/sockets.c.obj
 .text.lwip_recvfrom_udp_raw.constprop.0
                0x000000001000d8c0      0x150 CMakeFiles/app.dir/freertos-pico/pico-sdk/lib/lwip/src/api/sockets.c.obj
 .text.netconn_recv_data_tcp
                0x000000001000da10       0xd0 CMakeFiles/app.dir/freertos-pico/pico-sdk/lib/lwip/src/api/sockets.c.obj
 .text.lwip_recv_tcp
                0x000000001000dae0      0x180 CMakeFiles/app.dir/freertos-pico/pico-sdk/lib/lwip/src/api/sockets.c.obj
 .text.recv_raw
                0x000000001000dc60       0x80 CMakeFiles/app.dir/freertos-pico/pico-sdk/lib/lwip/src/api/sockets.c.obj
 .text.netconn_alloc
                0x000000001000dce0       0x78 CMakeFiles/app.dir/freertos-pico/pico-sdk/lib/lwip/src/api/sockets.c.obj
                0x000000001000dce0                netconn_alloc
 .text.accept_function
                0x000000001000dd58      0x15c CMakeFiles/app.dir/freertos-pico/pico-sdk/lib/lwip/src/api/sockets.c.obj
 .text.netconn_free
                0x000000001000deb4       0x48 CMakeFiles/app.dir/freertos-pico/pico-sdk/lib/lwip/src/api/sockets.c.obj
                0x000000001000deb4                netconn_free
 .text.netconn_new_with_proto_and_callback
                0x000000001000defc       0xf0 CMakeFiles/app.dir/freertos-pico/pico-sdk/lib/lwip/src/api/sockets.c.obj
                0x000000001000defc                netconn_new_with_proto_and_callback
 .text.netconn_accept
                0x000000001000dfec       0xa4 CMakeFiles/app.dir/freertos-pico/pico-sdk/lib/lwip/src/api/sockets.c.obj
                0x000000001000dfec                netconn_accept
 .text.lwip_accept
                0x000000001000e090      0x230 CMakeFiles/app.dir/freertos-pico/pico-sdk/lib/lwip/src/api/sockets.c.obj
                0x000000001000e090                lwip_accept
 .text.lwip_bind
                0x000000001000e2c0       0xa4 CMakeFiles/app.dir/freertos-pico/pico-sdk/lib/lwip/src/api/sockets.c.obj
                0x000000001000e2c0                lwip_bind
 .text.lwip_close
                0x000000001000e364      0x134 CMakeFiles/app.dir/freertos-pico/pico-sdk/lib/lwip/src/api/sockets.c.obj
                0x000000001000e364                lwip_close
 .text.lwip_listen
                0x000000001000e498       0x84 CMakeFiles/app.dir/freertos-pico/pico-sdk/lib/lwip/src/api/sockets.c.obj
                0x000000001000e498                lwip_listen
 .text.lwip_read
                0x000000001000e51c       0x94 CMakeFiles/app.dir/freertos-pico/pico-sdk/lib/lwip/src/api/sockets.c.obj
                0x000000001000e51c                lwip_read
 .text.lwip_socket
                0x000000001000e5b0       0xd4 CMakeFiles/app.dir/freertos-pico/pico-sdk/lib/lwip/src/api/sockets.c.obj
                0x000000001000e5b0                lwip_socket
 .text.tcpip_thread
                0x000000001000e684       0x94 CMakeFiles/app.dir/freertos-pico/pico-sdk/lib/lwip/src/api/tcpip.c.obj
 .text.tcpip_input
                0x000000001000e718       0x3c CMakeFiles/app.dir/freertos-pico/pico-sdk/lib/lwip/src/api/tcpip.c.obj
                0x000000001000e718                tcpip_input
 .text.tcpip_try_callback
                0x000000001000e754       0x50 CMakeFiles/app.dir/freertos-pico/pico-sdk/lib/lwip/src/api/tcpip.c.obj
                0x000000001000e754                tcpip_try_callback
 .text.tcpip_send_msg_wait_sem
                0x000000001000e7a4       0x18 CMakeFiles/app.dir/freertos-pico/pico-sdk/lib/lwip/src/api/tcpip.c.obj
                0x000000001000e7a4                tcpip_send_msg_wait_sem
 .text.tcpip_init
                0x000000001000e7bc       0x6c CMakeFiles/app.dir/freertos-pico/pico-sdk/lib/lwip/src/api/tcpip.c.obj
                0x000000001000e7bc                tcpip_init
 .text.ethernet_input
                0x000000001000e828       0xd0 CMakeFiles/app.dir/freertos-pico/pico-sdk/lib/lwip/src/netif/ethernet.c.obj
                0x000000001000e828                ethernet_input
 .text.ethernet_output
                0x000000001000e8f8       0x6c CMakeFiles/app.dir/freertos-pico/pico-sdk/lib/lwip/src/netif/ethernet.c.obj
                0x000000001000e8f8                ethernet_output
 .text.sys_init
                0x000000001000e964        0x4 CMakeFiles/app.dir/freertos-pico/pico-sdk/lib/lwip/contrib/ports/freertos/sys_arch.c.obj
                0x000000001000e964                sys_init
 .text.sys_now  0x000000001000e968        0x8 CMakeFiles/app.dir/freertos-pico/pico-sdk/lib/lwip/contrib/ports/freertos/sys_arch.c.obj
                0x000000001000e968                sys_now
 .text.sys_arch_protect
                0x000000001000e970        0xc CMakeFiles/app.dir/freertos-pico/pico-sdk/lib/lwip/contrib/ports/freertos/sys_arch.c.obj
                0x000000001000e970                sys_arch_protect
 .text.sys_arch_unprotect
                0x000000001000e97c        0x8 CMakeFiles/app.dir/freertos-pico/pico-sdk/lib/lwip/contrib/ports/freertos/sys_arch.c.obj
                0x000000001000e97c                sys_arch_unprotect
 .text.sys_mutex_new
                0x000000001000e984       0x20 CMakeFiles/app.dir/freertos-pico/pico-sdk/lib/lwip/contrib/ports/freertos/sys_arch.c.obj
                0x000000001000e984                sys_mutex_new
 .text.sys_mutex_lock
                0x000000001000e9a4       0x38 CMakeFiles/app.dir/freertos-pico/pico-sdk/lib/lwip/contrib/ports/freertos/sys_arch.c.obj
                0x000000001000e9a4                sys_mutex_lock
 .text.sys_mutex_unlock
                0x000000001000e9dc       0x34 CMakeFiles/app.dir/freertos-pico/pico-sdk/lib/lwip/contrib/ports/freertos/sys_arch.c.obj
                0x000000001000e9dc                sys_mutex_unlock
 .text.sys_sem_new
                0x000000001000ea10       0x58 CMakeFiles/app.dir/freertos-pico/pico-sdk/lib/lwip/contrib/ports/freertos/sys_arch.c.obj
                0x000000001000ea10                sys_sem_new
 .text.sys_sem_signal
                0x000000001000ea68       0x3c CMakeFiles/app.dir/freertos-pico/pico-sdk/lib/lwip/contrib/ports/freertos/sys_arch.c.obj
                0x000000001000ea68                sys_sem_signal
 .text.sys_arch_sem_wait
                0x000000001000eaa4       0x4c CMakeFiles/app.dir/freertos-pico/pico-sdk/lib/lwip/contrib/ports/freertos/sys_arch.c.obj
                0x000000001000eaa4                sys_arch_sem_wait
 .text.sys_sem_free
                0x000000001000eaf0       0x2c CMakeFiles/app.dir/freertos-pico/pico-sdk/lib/lwip/contrib/ports/freertos/sys_arch.c.obj
                0x000000001000eaf0                sys_sem_free
 .text.sys_mbox_new
                0x000000001000eb1c       0x34 CMakeFiles/app.dir/freertos-pico/pico-sdk/lib/lwip/contrib/ports/freertos/sys_arch.c.obj
                0x000000001000eb1c                sys_mbox_new
 .text.sys_mbox_trypost
                0x000000001000eb50       0x4c CMakeFiles/app.dir/freertos-pico/pico-sdk/lib/lwip/contrib/ports/freertos/sys_arch.c.obj
                0x000000001000eb50                sys_mbox_trypost
 .text.sys_arch_mbox_fetch
                0x000000001000eb9c       0x60 CMakeFiles/app.dir/freertos-pico/pico-sdk/lib/lwip/contrib/ports/freertos/sys_arch.c.obj
                0x000000001000eb9c                sys_arch_mbox_fetch
 .text.sys_arch_mbox_tryfetch
                0x000000001000ebfc       0x60 CMakeFiles/app.dir/freertos-pico/pico-sdk/lib/lwip/contrib/ports/freertos/sys_arch.c.obj
                0x000000001000ebfc                sys_arch_mbox_tryfetch
 .text.sys_mbox_free
                0x000000001000ec5c       0x28 CMakeFiles/app.dir/freertos-pico/pico-sdk/lib/lwip/contrib/ports/freertos/sys_arch.c.obj
                0x000000001000ec5c                sys_mbox_free
 .text.sys_thread_new
                0x000000001000ec84       0x40 CMakeFiles/app.dir/freertos-pico/pico-sdk/lib/lwip/contrib/ports/freertos/sys_arch.c.obj
                0x000000001000ec84                sys_thread_new
 .text.splitmix64
                0x000000001000ecc4       0x5c CMakeFiles/app.dir/freertos-pico/pico-sdk/src/rp2_common/pico_rand/rand.c.obj
 .text.xoroshiro128ss
                0x000000001000ed20       0x90 CMakeFiles/app.dir/freertos-pico/pico-sdk/src/rp2_common/pico_rand/rand.c.obj
 .text.get_rand_64
                0x000000001000edb0      0x484 CMakeFiles/app.dir/freertos-pico/pico-sdk/src/rp2_common/pico_rand/rand.c.obj
                0x000000001000edb0                get_rand_64
 .text.get_rand_32
                0x000000001000f234        0x8 CMakeFiles/app.dir/freertos-pico/pico-sdk/src/rp2_common/pico_rand/rand.c.obj
                0x000000001000f234                get_rand_32
 .text.startup._retrieve_unique_id_on_boot
                0x000000001000f23c       0x10 CMakeFiles/app.dir/freertos-pico/pico-sdk/src/rp2_common/pico_unique_id/unique_id.c.obj
 .text.pico_get_unique_board_id
                0x000000001000f24c       0x10 CMakeFiles/app.dir/freertos-pico/pico-sdk/src/rp2_common/pico_unique_id/unique_id.c.obj
                0x000000001000f24c                pico_get_unique_board_id
 .text.pico_get_unique_board_id_string
                0x000000001000f25c      0x1a8 CMakeFiles/app.dir/freertos-pico/pico-sdk/src/rp2_common/pico_unique_id/unique_id.c.obj
                0x000000001000f25c                pico_get_unique_board_id_string
 .text.flash_get_unique_id
                0x000000001000f404       0x40 CMakeFiles/app.dir/freertos-pico/pico-sdk/src/rp2_common/hardware_flash/flash.c.obj
                0x000000001000f404                flash_get_unique_id
 .text.hw_claim_lock
                0x000000001000f444       0x18 CMakeFiles/app.dir/freertos-pico/pico-sdk/src/rp2_common/hardware_claim/claim.c.obj
                0x000000001000f444                hw_claim_lock
 .text.hw_claim_unlock
                0x000000001000f45c       0x14 CMakeFiles/app.dir/freertos-pico/pico-sdk/src/rp2_common/hardware_claim/claim.c.obj
                0x000000001000f45c                hw_claim_unlock
 .text.hw_claim_or_assert
                0x000000001000f470       0x44 CMakeFiles/app.dir/freertos-pico/pico-sdk/src/rp2_common/hardware_claim/claim.c.obj
                0x000000001000f470                hw_claim_or_assert
 .text.hw_claim_unused_from_range
                0x000000001000f4b4       0x9c CMakeFiles/app.dir/freertos-pico/pico-sdk/src/rp2_common/hardware_claim/claim.c.obj
                0x000000001000f4b4                hw_claim_unused_from_range
 .text.hw_claim_clear
                0x000000001000f550       0x38 CMakeFiles/app.dir/freertos-pico/pico-sdk/src/rp2_common/hardware_claim/claim.c.obj
                0x000000001000f550                hw_claim_clear
 .text.spin_locks_reset
                0x000000001000f588       0x1c CMakeFiles/app.dir/freertos-pico/pico-sdk/src/rp2_common/hardware_sync/sync.c.obj
                0x000000001000f588                spin_locks_reset
 .text.next_striped_spin_lock_num
                0x000000001000f5a4       0x18 CMakeFiles/app.dir/freertos-pico/pico-sdk/src/rp2_common/hardware_sync/sync.c.obj
                0x000000001000f5a4                next_striped_spin_lock_num
 .text.spin_lock_claim
                0x000000001000f5bc       0x18 CMakeFiles/app.dir/freertos-pico/pico-sdk/src/rp2_common/hardware_sync/sync.c.obj
                0x000000001000f5bc                spin_lock_claim
 .text.spin_lock_claim_unused
                0x000000001000f5d4       0x20 CMakeFiles/app.dir/freertos-pico/pico-sdk/src/rp2_common/hardware_sync/sync.c.obj
                0x000000001000f5d4                spin_lock_claim_unused
 .text.rom_func_lookup
                0x000000001000f5f4       0x10 CMakeFiles/app.dir/freertos-pico/pico-sdk/src/rp2_common/pico_bootrom/bootrom.c.obj
                0x000000001000f5f4                rom_func_lookup
 .text.rom_data_lookup
                0x000000001000f604       0x10 CMakeFiles/app.dir/freertos-pico/pico-sdk/src/rp2_common/pico_bootrom/bootrom.c.obj
                0x000000001000f604                rom_data_lookup
 .text.rom_funcs_lookup
                0x000000001000f614       0x44 CMakeFiles/app.dir/freertos-pico/pico-sdk/src/rp2_common/pico_bootrom/bootrom.c.obj
                0x000000001000f614                rom_funcs_lookup
 .text.clocks_init
                0x000000001000f658      0x2d0 CMakeFiles/app.dir/freertos-pico/pico-sdk/src/rp2_common/hardware_clocks/clocks.c.obj
                0x000000001000f658                clocks_init
 .text.clock_get_hz
                0x000000001000f928        0xc CMakeFiles/app.dir/freertos-pico/pico-sdk/src/rp2_common/hardware_clocks/clocks.c.obj
                0x000000001000f928                clock_get_hz
 .text.gpio_set_function
                0x000000001000f934       0x30 CMakeFiles/app.dir/freertos-pico/pico-sdk/src/rp2_common/hardware_gpio/gpio.c.obj
                0x000000001000f934                gpio_set_function
 .text.gpio_set_pulls
                0x000000001000f964       0x30 CMakeFiles/app.dir/freertos-pico/pico-sdk/src/rp2_common/hardware_gpio/gpio.c.obj
                0x000000001000f964                gpio_set_pulls
 .text.gpio_set_input_hysteresis_enabled
                0x000000001000f994       0x28 CMakeFiles/app.dir/freertos-pico/pico-sdk/src/rp2_common/hardware_gpio/gpio.c.obj
                0x000000001000f994                gpio_set_input_hysteresis_enabled
 .text.gpio_set_irq_enabled
                0x000000001000f9bc       0x54 CMakeFiles/app.dir/freertos-pico/pico-sdk/src/rp2_common/hardware_gpio/gpio.c.obj
                0x000000001000f9bc                gpio_set_irq_enabled
 .text.gpio_add_raw_irq_handler_with_order_priority_masked
                0x000000001000fa10       0x44 CMakeFiles/app.dir/freertos-pico/pico-sdk/src/rp2_common/hardware_gpio/gpio.c.obj
                0x000000001000fa10                gpio_add_raw_irq_handler_with_order_priority_masked
 .text.gpio_remove_raw_irq_handler_masked
                0x000000001000fa54       0x20 CMakeFiles/app.dir/freertos-pico/pico-sdk/src/rp2_common/hardware_gpio/gpio.c.obj
                0x000000001000fa54                gpio_remove_raw_irq_handler_masked
 .text.gpio_init
                0x000000001000fa74       0x3c CMakeFiles/app.dir/freertos-pico/pico-sdk/src/rp2_common/hardware_gpio/gpio.c.obj
                0x000000001000fa74                gpio_init
 .text.irq_set_enabled
                0x000000001000fab0       0x24 CMakeFiles/app.dir/freertos-pico/pico-sdk/src/rp2_common/hardware_irq/irq.c.obj
                0x000000001000fab0                irq_set_enabled
 .text.irq_is_enabled
                0x000000001000fad4       0x18 CMakeFiles/app.dir/freertos-pico/pico-sdk/src/rp2_common/hardware_irq/irq.c.obj
                0x000000001000fad4                irq_is_enabled
 .text.irq_set_pending
                0x000000001000faec       0x10 CMakeFiles/app.dir/freertos-pico/pico-sdk/src/rp2_common/hardware_irq/irq.c.obj
                0x000000001000faec                irq_set_pending
 .text.irq_has_shared_handler
                0x000000001000fafc       0x2c CMakeFiles/app.dir/freertos-pico/pico-sdk/src/rp2_common/hardware_irq/irq.c.obj
                0x000000001000fafc                irq_has_shared_handler
 .text.irq_get_vtable_handler
                0x000000001000fb28       0x10 CMakeFiles/app.dir/freertos-pico/pico-sdk/src/rp2_common/hardware_irq/irq.c.obj
                0x000000001000fb28                irq_get_vtable_handler
 .text.irq_set_exclusive_handler
                0x000000001000fb38       0x54 CMakeFiles/app.dir/freertos-pico/pico-sdk/src/rp2_common/hardware_irq/irq.c.obj
                0x000000001000fb38                irq_set_exclusive_handler
 .text.irq_add_shared_handler
                0x000000001000fb8c      0x1e8 CMakeFiles/app.dir/freertos-pico/pico-sdk/src/rp2_common/hardware_irq/irq.c.obj
                0x000000001000fb8c                irq_add_shared_handler
 .text.irq_remove_handler
                0x000000001000fd74      0x1b0 CMakeFiles/app.dir/freertos-pico/pico-sdk/src/rp2_common/hardware_irq/irq.c.obj
                0x000000001000fd74                irq_remove_handler
 .text.irq_set_priority
                0x000000001000ff24       0x28 CMakeFiles/app.dir/freertos-pico/pico-sdk/src/rp2_common/hardware_irq/irq.c.obj
                0x000000001000ff24                irq_set_priority
 .text.irq_add_tail_to_free_list
                0x000000001000ff4c       0xb4 CMakeFiles/app.dir/freertos-pico/pico-sdk/src/rp2_common/hardware_irq/irq.c.obj
                0x000000001000ff4c                irq_add_tail_to_free_list
 .text.irq_init_priorities
                0x0000000010010000       0x24 CMakeFiles/app.dir/freertos-pico/pico-sdk/src/rp2_common/hardware_irq/irq.c.obj
                0x0000000010010000                irq_init_priorities
 .text.user_irq_claim_unused
                0x0000000010010024       0x28 CMakeFiles/app.dir/freertos-pico/pico-sdk/src/rp2_common/hardware_irq/irq.c.obj
                0x0000000010010024                user_irq_claim_unused
 .text.lock_init
                0x000000001001004c       0x10 CMakeFiles/app.dir/freertos-pico/pico-sdk/src/common/pico_sync/lock_core.c.obj
                0x000000001001004c                lock_init
 .text.mutex_init
                0x000000001001005c       0x1c CMakeFiles/app.dir/freertos-pico/pico-sdk/src/common/pico_sync/mutex.c.obj
                0x000000001001005c                mutex_init
 .text.recursive_mutex_init
                0x0000000010010078       0x20 CMakeFiles/app.dir/freertos-pico/pico-sdk/src/common/pico_sync/mutex.c.obj
                0x0000000010010078                recursive_mutex_init
 .text.critical_section_init
                0x0000000010010098       0x20 CMakeFiles/app.dir/freertos-pico/pico-sdk/src/common/pico_sync/critical_section.c.obj
                0x0000000010010098                critical_section_init
 .text.critical_section_init_with_lock_num
                0x00000000100100b8       0x14 CMakeFiles/app.dir/freertos-pico/pico-sdk/src/common/pico_sync/critical_section.c.obj
                0x00000000100100b8                critical_section_init_with_lock_num
 .text.timer_pool_entry_comparator
                0x00000000100100cc       0x34 CMakeFiles/app.dir/freertos-pico/pico-sdk/src/common/pico_time/time.c.obj
                0x00000000100100cc                timer_pool_entry_comparator
 .text.sleep_until_callback
                0x0000000010010100       0x24 CMakeFiles/app.dir/freertos-pico/pico-sdk/src/common/pico_time/time.c.obj
 .text.add_alarm_under_lock.isra.0
                0x0000000010010124      0x100 CMakeFiles/app.dir/freertos-pico/pico-sdk/src/common/pico_time/time.c.obj
 .text.alarm_pool_alarm_callback
                0x0000000010010224      0x1bc CMakeFiles/app.dir/freertos-pico/pico-sdk/src/common/pico_time/time.c.obj
 .text.alarm_pool_init_default
                0x00000000100103e0       0x6c CMakeFiles/app.dir/freertos-pico/pico-sdk/src/common/pico_time/time.c.obj
                0x00000000100103e0                alarm_pool_init_default
 .text.alarm_pool_get_default
                0x000000001001044c        0x8 CMakeFiles/app.dir/freertos-pico/pico-sdk/src/common/pico_time/time.c.obj
                0x000000001001044c                alarm_pool_get_default
 .text.alarm_pool_add_alarm_at
                0x0000000010010454      0x178 CMakeFiles/app.dir/freertos-pico/pico-sdk/src/common/pico_time/time.c.obj
                0x0000000010010454                alarm_pool_add_alarm_at
 .text.alarm_pool_core_num
                0x00000000100105cc        0x4 CMakeFiles/app.dir/freertos-pico/pico-sdk/src/common/pico_time/time.c.obj
                0x00000000100105cc                alarm_pool_core_num
 .text.sleep_until
                0x00000000100105d0       0xbc CMakeFiles/app.dir/freertos-pico/pico-sdk/src/common/pico_time/time.c.obj
                0x00000000100105d0                sleep_until
 .text.sleep_ms
                0x000000001001068c       0x34 CMakeFiles/app.dir/freertos-pico/pico-sdk/src/common/pico_time/time.c.obj
                0x000000001001068c                sleep_ms
 .text.best_effort_wfe_or_timeout
                0x00000000100106c0       0xd4 CMakeFiles/app.dir/freertos-pico/pico-sdk/src/common/pico_time/time.c.obj
                0x00000000100106c0                best_effort_wfe_or_timeout
 .text.hardware_alarm_irq_handler
                0x0000000010010794       0xbc CMakeFiles/app.dir/freertos-pico/pico-sdk/src/rp2_common/hardware_timer/timer.c.obj
 .text.hardware_alarm_claim
                0x0000000010010850       0x18 CMakeFiles/app.dir/freertos-pico/pico-sdk/src/rp2_common/hardware_timer/timer.c.obj
                0x0000000010010850                hardware_alarm_claim
 .text.time_us_64
                0x0000000010010868       0x14 CMakeFiles/app.dir/freertos-pico/pico-sdk/src/rp2_common/hardware_timer/timer.c.obj
                0x0000000010010868                time_us_64
 .text.busy_wait_until
                0x000000001001087c       0x20 CMakeFiles/app.dir/freertos-pico/pico-sdk/src/rp2_common/hardware_timer/timer.c.obj
                0x000000001001087c                busy_wait_until
 .text.hardware_alarm_set_callback
                0x000000001001089c       0x8c CMakeFiles/app.dir/freertos-pico/pico-sdk/src/rp2_common/hardware_timer/timer.c.obj
                0x000000001001089c                hardware_alarm_set_callback
 .text.hardware_alarm_set_target
                0x0000000010010928       0xd4 CMakeFiles/app.dir/freertos-pico/pico-sdk/src/rp2_common/hardware_timer/timer.c.obj
                0x0000000010010928                hardware_alarm_set_target
 .text.hardware_alarm_cancel
                0x00000000100109fc       0x3c CMakeFiles/app.dir/freertos-pico/pico-sdk/src/rp2_common/hardware_timer/timer.c.obj
                0x00000000100109fc                hardware_alarm_cancel
 .text.ph_merge_nodes
                0x0000000010010a38       0x68 CMakeFiles/app.dir/freertos-pico/pico-sdk/src/common/pico_util/pheap.c.obj
 .text.ph_post_alloc_init
                0x0000000010010aa0       0x3c CMakeFiles/app.dir/freertos-pico/pico-sdk/src/common/pico_util/pheap.c.obj
                0x0000000010010aa0                ph_post_alloc_init
 .text.ph_merge_two_pass
                0x0000000010010adc       0x90 CMakeFiles/app.dir/freertos-pico/pico-sdk/src/common/pico_util/pheap.c.obj
                0x0000000010010adc                ph_merge_two_pass
 .text.ph_remove_any_head
                0x0000000010010b6c      0x100 CMakeFiles/app.dir/freertos-pico/pico-sdk/src/common/pico_util/pheap.c.obj
 .text.ph_remove_head
                0x0000000010010c6c      0x104 CMakeFiles/app.dir/freertos-pico/pico-sdk/src/common/pico_util/pheap.c.obj
                0x0000000010010c6c                ph_remove_head
 .text.ph_remove_and_free_node
                0x0000000010010d70       0x7c CMakeFiles/app.dir/freertos-pico/pico-sdk/src/common/pico_util/pheap.c.obj
                0x0000000010010d70                ph_remove_and_free_node
 .text.pll_init
                0x0000000010010dec       0xa0 CMakeFiles/app.dir/freertos-pico/pico-sdk/src/rp2_common/hardware_pll/pll.c.obj
                0x0000000010010dec                pll_init
 .text.watchdog_start_tick
                0x0000000010010e8c       0x10 CMakeFiles/app.dir/freertos-pico/pico-sdk/src/rp2_common/hardware_watchdog/watchdog.c.obj
                0x0000000010010e8c                watchdog_start_tick
 .text.watchdog_reboot
                0x0000000010010e9c       0x98 CMakeFiles/app.dir/freertos-pico/pico-sdk/src/rp2_common/hardware_watchdog/watchdog.c.obj
                0x0000000010010e9c                watchdog_reboot
 .text.xosc_init
                0x0000000010010f34       0x28 CMakeFiles/app.dir/freertos-pico/pico-sdk/src/rp2_common/hardware_xosc/xosc.c.obj
                0x0000000010010f34                xosc_init
 .text.cyw43_arch_wifi_connect_bssid_until.part.0
                0x0000000010010f5c       0xd8 CMakeFiles/app.dir/freertos-pico/pico-sdk/src/rp2_common/pico_cyw43_arch/cyw43_arch.c.obj
 .text.cyw43_arch_set_async_context
                0x0000000010011034        0xc CMakeFiles/app.dir/freertos-pico/pico-sdk/src/rp2_common/pico_cyw43_arch/cyw43_arch.c.obj
                0x0000000010011034                cyw43_arch_set_async_context
 .text.cyw43_arch_enable_sta_mode
                0x0000000010011040       0x1c CMakeFiles/app.dir/freertos-pico/pico-sdk/src/rp2_common/pico_cyw43_arch/cyw43_arch.c.obj
                0x0000000010011040                cyw43_arch_enable_sta_mode
 .text.cyw43_arch_wifi_connect_timeout_ms
                0x000000001001105c       0x9c CMakeFiles/app.dir/freertos-pico/pico-sdk/src/rp2_common/pico_cyw43_arch/cyw43_arch.c.obj
                0x000000001001105c                cyw43_arch_wifi_connect_timeout_ms
 .text.cyw43_arch_async_context
                0x00000000100110f8        0xc CMakeFiles/app.dir/freertos-pico/pico-sdk/src/rp2_common/pico_cyw43_arch/cyw43_arch.c.obj
                0x00000000100110f8                cyw43_arch_async_context
 .text.cyw43_arch_init
                0x0000000010011104       0x94 CMakeFiles/app.dir/freertos-pico/pico-sdk/src/rp2_common/pico_cyw43_arch/cyw43_arch_freertos.c.obj
                0x0000000010011104                cyw43_arch_init
 .text.ns_delay.constprop.0
                0x0000000010011198       0x20 CMakeFiles/app.dir/freertos-pico/pico-sdk/src/rp2_common/pico_cyw43_driver/cyw43_bus_pio_spi.c.obj
 .text.cyw43_spi_deinit
                0x00000000100111b8       0x7c CMakeFiles/app.dir/freertos-pico/pico-sdk/src/rp2_common/pico_cyw43_driver/cyw43_bus_pio_spi.c.obj
                0x00000000100111b8                cyw43_spi_deinit
 .text.cyw43_spi_init
                0x0000000010011234      0x154 CMakeFiles/app.dir/freertos-pico/pico-sdk/src/rp2_common/pico_cyw43_driver/cyw43_bus_pio_spi.c.obj
                0x0000000010011234                cyw43_spi_init
 .text.cyw43_spi_transfer
                0x0000000010011388      0x430 CMakeFiles/app.dir/freertos-pico/pico-sdk/src/rp2_common/pico_cyw43_driver/cyw43_bus_pio_spi.c.obj
                0x0000000010011388                cyw43_spi_transfer
 .text.cyw43_spi_gpio_setup
                0x00000000100117b8       0x3c CMakeFiles/app.dir/freertos-pico/pico-sdk/src/rp2_common/pico_cyw43_driver/cyw43_bus_pio_spi.c.obj
                0x00000000100117b8                cyw43_spi_gpio_setup
 .text.cyw43_spi_reset
                0x00000000100117f4       0x28 CMakeFiles/app.dir/freertos-pico/pico-sdk/src/rp2_common/pico_cyw43_driver/cyw43_bus_pio_spi.c.obj
                0x00000000100117f4                cyw43_spi_reset
 .text.read_reg_u32_swap
                0x000000001001181c       0x3c CMakeFiles/app.dir/freertos-pico/pico-sdk/src/rp2_common/pico_cyw43_driver/cyw43_bus_pio_spi.c.obj
                0x000000001001181c                read_reg_u32_swap
 .text.cyw43_read_reg_u32
                0x0000000010011858       0x6c CMakeFiles/app.dir/freertos-pico/pico-sdk/src/rp2_common/pico_cyw43_driver/cyw43_bus_pio_spi.c.obj
                0x0000000010011858                cyw43_read_reg_u32
 .text.cyw43_read_reg_u16
                0x00000000100118c4       0x6c CMakeFiles/app.dir/freertos-pico/pico-sdk/src/rp2_common/pico_cyw43_driver/cyw43_bus_pio_spi.c.obj
                0x00000000100118c4                cyw43_read_reg_u16
 .text.cyw43_read_reg_u8
                0x0000000010011930       0x6c CMakeFiles/app.dir/freertos-pico/pico-sdk/src/rp2_common/pico_cyw43_driver/cyw43_bus_pio_spi.c.obj
                0x0000000010011930                cyw43_read_reg_u8
 .text.write_reg_u32_swap
                0x000000001001199c      0x1e0 CMakeFiles/app.dir/freertos-pico/pico-sdk/src/rp2_common/pico_cyw43_driver/cyw43_bus_pio_spi.c.obj
                0x000000001001199c                write_reg_u32_swap
 .text.cyw43_write_reg_u32
                0x0000000010011b7c      0x200 CMakeFiles/app.dir/freertos-pico/pico-sdk/src/rp2_common/pico_cyw43_driver/cyw43_bus_pio_spi.c.obj
                0x0000000010011b7c                cyw43_write_reg_u32
 .text.cyw43_write_reg_u16
                0x0000000010011d7c      0x200 CMakeFiles/app.dir/freertos-pico/pico-sdk/src/rp2_common/pico_cyw43_driver/cyw43_bus_pio_spi.c.obj
                0x0000000010011d7c                cyw43_write_reg_u16
 .text.cyw43_write_reg_u8
                0x0000000010011f7c      0x200 CMakeFiles/app.dir/freertos-pico/pico-sdk/src/rp2_common/pico_cyw43_driver/cyw43_bus_pio_spi.c.obj
                0x0000000010011f7c                cyw43_write_reg_u8
 .text.cyw43_read_bytes
                0x000000001001217c       0x78 CMakeFiles/app.dir/freertos-pico/pico-sdk/src/rp2_common/pico_cyw43_driver/cyw43_bus_pio_spi.c.obj
                0x000000001001217c                cyw43_read_bytes
 .text.cyw43_write_bytes
                0x00000000100121f4       0xec CMakeFiles/app.dir/freertos-pico/pico-sdk/src/rp2_common/pico_cyw43_driver/cyw43_bus_pio_spi.c.obj
                0x00000000100121f4                cyw43_write_bytes
 .text.cyw43_set_backplane_window
                0x00000000100122e0       0x64 CMakeFiles/app.dir/freertos-pico/pico-sdk/lib/cyw43-driver/src/cyw43_ll.c.obj
 .text.cyw43_ll_parse_async_event
                0x0000000010012344      0x13c CMakeFiles/app.dir/freertos-pico/pico-sdk/lib/cyw43-driver/src/cyw43_ll.c.obj
 .text.cyw43_kso_set
                0x0000000010012480       0xa0 CMakeFiles/app.dir/freertos-pico/pico-sdk/lib/cyw43-driver/src/cyw43_ll.c.obj
 .text.cyw43_ll_sdpcm_poll_device
                0x0000000010012520      0x238 CMakeFiles/app.dir/freertos-pico/pico-sdk/lib/cyw43-driver/src/cyw43_ll.c.obj
 .text.cyw43_sdpcm_send_common
                0x0000000010012758       0xf0 CMakeFiles/app.dir/freertos-pico/pico-sdk/lib/cyw43-driver/src/cyw43_ll.c.obj
 .text.cyw43_do_ioctl
                0x0000000010012848      0x110 CMakeFiles/app.dir/freertos-pico/pico-sdk/lib/cyw43-driver/src/cyw43_ll.c.obj
 .text.cyw43_do_ioctl.constprop.0
                0x0000000010012958      0x108 CMakeFiles/app.dir/freertos-pico/pico-sdk/lib/cyw43-driver/src/cyw43_ll.c.obj
 .text.cyw43_read_backplane.constprop.0
                0x0000000010012a60       0xdc CMakeFiles/app.dir/freertos-pico/pico-sdk/lib/cyw43-driver/src/cyw43_ll.c.obj
 .text.reset_device_core.constprop.0
                0x0000000010012b3c      0x3f0 CMakeFiles/app.dir/freertos-pico/pico-sdk/lib/cyw43-driver/src/cyw43_ll.c.obj
 .text.cyw43_ll_init
                0x0000000010012f2c       0x1c CMakeFiles/app.dir/freertos-pico/pico-sdk/lib/cyw43-driver/src/cyw43_ll.c.obj
                0x0000000010012f2c                cyw43_ll_init
 .text.cyw43_ll_deinit
                0x0000000010012f48        0x8 CMakeFiles/app.dir/freertos-pico/pico-sdk/lib/cyw43-driver/src/cyw43_ll.c.obj
                0x0000000010012f48                cyw43_ll_deinit
 .text.cyw43_ll_send_ethernet
                0x0000000010012f50       0x60 CMakeFiles/app.dir/freertos-pico/pico-sdk/lib/cyw43-driver/src/cyw43_ll.c.obj
                0x0000000010012f50                cyw43_ll_send_ethernet
 .text.cyw43_ll_process_packets
                0x0000000010012fb0       0x54 CMakeFiles/app.dir/freertos-pico/pico-sdk/lib/cyw43-driver/src/cyw43_ll.c.obj
                0x0000000010012fb0                cyw43_ll_process_packets
 .text.cyw43_ll_ioctl
                0x0000000010013004       0x20 CMakeFiles/app.dir/freertos-pico/pico-sdk/lib/cyw43-driver/src/cyw43_ll.c.obj
                0x0000000010013004                cyw43_ll_ioctl
 .text.cyw43_ll_bus_sleep
                0x0000000010013024       0x34 CMakeFiles/app.dir/freertos-pico/pico-sdk/lib/cyw43-driver/src/cyw43_ll.c.obj
                0x0000000010013024                cyw43_ll_bus_sleep
 .text.cyw43_ll_bus_init
                0x0000000010013058      0xbf0 CMakeFiles/app.dir/freertos-pico/pico-sdk/lib/cyw43-driver/src/cyw43_ll.c.obj
                0x0000000010013058                cyw43_ll_bus_init
 .text.cyw43_ll_wifi_on
                0x0000000010013c48      0x240 CMakeFiles/app.dir/freertos-pico/pico-sdk/lib/cyw43-driver/src/cyw43_ll.c.obj
                0x0000000010013c48                cyw43_ll_wifi_on
 .text.cyw43_ll_wifi_get_mac
                0x0000000010013e88       0x44 CMakeFiles/app.dir/freertos-pico/pico-sdk/lib/cyw43-driver/src/cyw43_ll.c.obj
                0x0000000010013e88                cyw43_ll_wifi_get_mac
 .text.cyw43_ll_wifi_pm
                0x0000000010013ecc      0x194 CMakeFiles/app.dir/freertos-pico/pico-sdk/lib/cyw43-driver/src/cyw43_ll.c.obj
                0x0000000010013ecc                cyw43_ll_wifi_pm
 .text.cyw43_ll_wifi_join
                0x0000000010014060      0x310 CMakeFiles/app.dir/freertos-pico/pico-sdk/lib/cyw43-driver/src/cyw43_ll.c.obj
                0x0000000010014060                cyw43_ll_wifi_join
 .text.cyw43_ll_wifi_set_wpa_auth
                0x0000000010014370       0x2c CMakeFiles/app.dir/freertos-pico/pico-sdk/lib/cyw43-driver/src/cyw43_ll.c.obj
                0x0000000010014370                cyw43_ll_wifi_set_wpa_auth
 .text.cyw43_ll_wifi_rejoin
                0x000000001001439c       0x1c CMakeFiles/app.dir/freertos-pico/pico-sdk/lib/cyw43-driver/src/cyw43_ll.c.obj
                0x000000001001439c                cyw43_ll_wifi_rejoin
 .text.cyw43_ll_wifi_ap_init
                0x00000000100143b8      0x2c4 CMakeFiles/app.dir/freertos-pico/pico-sdk/lib/cyw43-driver/src/cyw43_ll.c.obj
                0x00000000100143b8                cyw43_ll_wifi_ap_init
 .text.cyw43_ll_wifi_ap_set_up
                0x000000001001467c       0x54 CMakeFiles/app.dir/freertos-pico/pico-sdk/lib/cyw43-driver/src/cyw43_ll.c.obj
                0x000000001001467c                cyw43_ll_wifi_ap_set_up
 .text.cyw43_ll_has_work
                0x00000000100146d0       0x14 CMakeFiles/app.dir/freertos-pico/pico-sdk/lib/cyw43-driver/src/cyw43_ll.c.obj
                0x00000000100146d0                cyw43_ll_has_work
 .text.cyw43_netif_init
                0x00000000100146e4       0x3c CMakeFiles/app.dir/freertos-pico/pico-sdk/lib/cyw43-driver/src/cyw43_lwip.c.obj
 .text.cyw43_netif_output
                0x0000000010014720       0x34 CMakeFiles/app.dir/freertos-pico/pico-sdk/lib/cyw43-driver/src/cyw43_lwip.c.obj
 .text.cyw43_cb_tcpip_init
                0x0000000010014754       0xfc CMakeFiles/app.dir/freertos-pico/pico-sdk/lib/cyw43-driver/src/cyw43_lwip.c.obj
                0x0000000010014754                cyw43_cb_tcpip_init
 .text.cyw43_cb_tcpip_deinit
                0x0000000010014850       0x4c CMakeFiles/app.dir/freertos-pico/pico-sdk/lib/cyw43-driver/src/cyw43_lwip.c.obj
                0x0000000010014850                cyw43_cb_tcpip_deinit
 .text.cyw43_cb_process_ethernet
                0x000000001001489c       0x68 CMakeFiles/app.dir/freertos-pico/pico-sdk/lib/cyw43-driver/src/cyw43_lwip.c.obj
                0x000000001001489c                cyw43_cb_process_ethernet
 .text.cyw43_cb_tcpip_set_link_up
                0x0000000010014904       0x18 CMakeFiles/app.dir/freertos-pico/pico-sdk/lib/cyw43-driver/src/cyw43_lwip.c.obj
                0x0000000010014904                cyw43_cb_tcpip_set_link_up
 .text.cyw43_cb_tcpip_set_link_down
                0x000000001001491c       0x18 CMakeFiles/app.dir/freertos-pico/pico-sdk/lib/cyw43-driver/src/cyw43_lwip.c.obj
                0x000000001001491c                cyw43_cb_tcpip_set_link_down
 .text.cyw43_tcpip_link_status
                0x0000000010014934       0x34 CMakeFiles/app.dir/freertos-pico/pico-sdk/lib/cyw43-driver/src/cyw43_lwip.c.obj
                0x0000000010014934                cyw43_tcpip_link_status
 .text.cyw43_poll_func
                0x0000000010014968       0xc0 CMakeFiles/app.dir/freertos-pico/pico-sdk/lib/cyw43-driver/src/cyw43_ctrl.c.obj
 .text.cyw43_init
                0x0000000010014a28       0x6c CMakeFiles/app.dir/freertos-pico/pico-sdk/lib/cyw43-driver/src/cyw43_ctrl.c.obj
                0x0000000010014a28                cyw43_init
 .text.cyw43_deinit
                0x0000000010014a94       0x90 CMakeFiles/app.dir/freertos-pico/pico-sdk/lib/cyw43-driver/src/cyw43_ctrl.c.obj
                0x0000000010014a94                cyw43_deinit
 .text.cyw43_cb_read_host_interrupt_pin
                0x0000000010014b24        0xc CMakeFiles/app.dir/freertos-pico/pico-sdk/lib/cyw43-driver/src/cyw43_ctrl.c.obj
                0x0000000010014b24                cyw43_cb_read_host_interrupt_pin
 .text.cyw43_cb_ensure_awake
                0x0000000010014b30        0xc CMakeFiles/app.dir/freertos-pico/pico-sdk/lib/cyw43-driver/src/cyw43_ctrl.c.obj
                0x0000000010014b30                cyw43_cb_ensure_awake
 .text.cyw43_cb_process_async_event
                0x0000000010014b3c      0x228 CMakeFiles/app.dir/freertos-pico/pico-sdk/lib/cyw43-driver/src/cyw43_ctrl.c.obj
                0x0000000010014b3c                cyw43_cb_process_async_event
 .text.cyw43_send_ethernet
                0x0000000010014d64       0xc0 CMakeFiles/app.dir/freertos-pico/pico-sdk/lib/cyw43-driver/src/cyw43_ctrl.c.obj
                0x0000000010014d64                cyw43_send_ethernet
 .text.cyw43_wifi_get_mac
                0x0000000010014e24       0x10 CMakeFiles/app.dir/freertos-pico/pico-sdk/lib/cyw43-driver/src/cyw43_ctrl.c.obj
                0x0000000010014e24                cyw43_wifi_get_mac
 .text.cyw43_wifi_set_up
                0x0000000010014e34      0x308 CMakeFiles/app.dir/freertos-pico/pico-sdk/lib/cyw43-driver/src/cyw43_ctrl.c.obj
                0x0000000010014e34                cyw43_wifi_set_up
 .text.cyw43_wifi_link_status
                0x000000001001513c       0x3c CMakeFiles/app.dir/freertos-pico/pico-sdk/lib/cyw43-driver/src/cyw43_ctrl.c.obj
                0x000000001001513c                cyw43_wifi_link_status
 .text.cyw43_wifi_join
                0x0000000010015178       0xf4 CMakeFiles/app.dir/freertos-pico/pico-sdk/lib/cyw43-driver/src/cyw43_ctrl.c.obj
                0x0000000010015178                cyw43_wifi_join
 .text.pio_sm_unclaim
                0x000000001001526c       0x20 CMakeFiles/app.dir/freertos-pico/pico-sdk/src/rp2_common/hardware_pio/pio.c.obj
                0x000000001001526c                pio_sm_unclaim
 .text.pio_claim_unused_sm
                0x000000001001528c       0x3c CMakeFiles/app.dir/freertos-pico/pico-sdk/src/rp2_common/hardware_pio/pio.c.obj
                0x000000001001528c                pio_claim_unused_sm
 .text.pio_can_add_program
                0x00000000100152c8       0x68 CMakeFiles/app.dir/freertos-pico/pico-sdk/src/rp2_common/hardware_pio/pio.c.obj
                0x00000000100152c8                pio_can_add_program
 .text.pio_add_program
                0x0000000010015330       0xc8 CMakeFiles/app.dir/freertos-pico/pico-sdk/src/rp2_common/hardware_pio/pio.c.obj
                0x0000000010015330                pio_add_program
 .text.pio_remove_program
                0x00000000100153f8       0x34 CMakeFiles/app.dir/freertos-pico/pico-sdk/src/rp2_common/hardware_pio/pio.c.obj
                0x00000000100153f8                pio_remove_program
 .text.pio_sm_set_pindirs_with_mask
                0x000000001001542c       0xa4 CMakeFiles/app.dir/freertos-pico/pico-sdk/src/rp2_common/hardware_pio/pio.c.obj
                0x000000001001542c                pio_sm_set_pindirs_with_mask
 .text.pio_sm_set_consecutive_pindirs
                0x00000000100154d0       0xb0 CMakeFiles/app.dir/freertos-pico/pico-sdk/src/rp2_common/hardware_pio/pio.c.obj
                0x00000000100154d0                pio_sm_set_consecutive_pindirs
 .text.dma_channel_unclaim
                0x0000000010015580       0x10 CMakeFiles/app.dir/freertos-pico/pico-sdk/src/rp2_common/hardware_dma/dma.c.obj
                0x0000000010015580                dma_channel_unclaim
 .text.dma_claim_unused_channel
                0x0000000010015590       0x20 CMakeFiles/app.dir/freertos-pico/pico-sdk/src/rp2_common/hardware_dma/dma.c.obj
                0x0000000010015590                dma_claim_unused_channel
 .text.dma_channel_cleanup
                0x00000000100155b0       0x60 CMakeFiles/app.dir/freertos-pico/pico-sdk/src/rp2_common/hardware_dma/dma.c.obj
                0x00000000100155b0                dma_channel_cleanup
 .text.exception_set_exclusive_handler
                0x0000000010015610       0x48 CMakeFiles/app.dir/freertos-pico/pico-sdk/src/rp2_common/hardware_exception/exception.c.obj
                0x0000000010015610                exception_set_exclusive_handler
 .text.cyw43_sleep_timeout_reached
                0x0000000010015658       0x10 CMakeFiles/app.dir/freertos-pico/pico-sdk/src/rp2_common/pico_cyw43_driver/cyw43_driver.c.obj
 .text.cyw43_irq_init
                0x0000000010015668       0x28 CMakeFiles/app.dir/freertos-pico/pico-sdk/src/rp2_common/pico_cyw43_driver/cyw43_driver.c.obj
                0x0000000010015668                cyw43_irq_init
 .text.cyw43_irq_deinit
                0x0000000010015690       0x20 CMakeFiles/app.dir/freertos-pico/pico-sdk/src/rp2_common/pico_cyw43_driver/cyw43_driver.c.obj
                0x0000000010015690                cyw43_irq_deinit
 .text.cyw43_gpio_irq_handler
                0x00000000100156b0       0x44 CMakeFiles/app.dir/freertos-pico/pico-sdk/src/rp2_common/pico_cyw43_driver/cyw43_driver.c.obj
 .text.cyw43_do_poll
                0x00000000100156f4       0x6c CMakeFiles/app.dir/freertos-pico/pico-sdk/src/rp2_common/pico_cyw43_driver/cyw43_driver.c.obj
 .text.cyw43_post_poll_hook
                0x0000000010015760       0x10 CMakeFiles/app.dir/freertos-pico/pico-sdk/src/rp2_common/pico_cyw43_driver/cyw43_driver.c.obj
                0x0000000010015760                cyw43_post_poll_hook
 .text.cyw43_schedule_internal_poll_dispatch
                0x0000000010015770       0x18 CMakeFiles/app.dir/freertos-pico/pico-sdk/src/rp2_common/pico_cyw43_driver/cyw43_driver.c.obj
                0x0000000010015770                cyw43_schedule_internal_poll_dispatch
 .text.cyw43_driver_init
                0x0000000010015788       0x38 CMakeFiles/app.dir/freertos-pico/pico-sdk/src/rp2_common/pico_cyw43_driver/cyw43_driver.c.obj
                0x0000000010015788                cyw43_driver_init
 .text.cyw43_driver_deinit
                0x00000000100157c0       0x44 CMakeFiles/app.dir/freertos-pico/pico-sdk/src/rp2_common/pico_cyw43_driver/cyw43_driver.c.obj
                0x00000000100157c0                cyw43_driver_deinit
 .text.cyw43_hal_generate_laa_mac
                0x0000000010015804       0x28 CMakeFiles/app.dir/freertos-pico/pico-sdk/src/rp2_common/pico_cyw43_driver/cyw43_driver.c.obj
                0x0000000010015804                cyw43_hal_generate_laa_mac
 .text.cyw43_hal_get_mac
                0x000000001001582c       0x1c CMakeFiles/app.dir/freertos-pico/pico-sdk/src/rp2_common/pico_cyw43_driver/cyw43_driver.c.obj
                0x000000001001582c                cyw43_hal_get_mac
 .text.cyw43_thread_enter
                0x0000000010015848       0x14 CMakeFiles/app.dir/freertos-pico/pico-sdk/src/rp2_common/pico_cyw43_driver/cyw43_driver.c.obj
                0x0000000010015848                cyw43_thread_enter
 .text.cyw43_thread_exit
                0x000000001001585c       0x14 CMakeFiles/app.dir/freertos-pico/pico-sdk/src/rp2_common/pico_cyw43_driver/cyw43_driver.c.obj
                0x000000001001585c                cyw43_thread_exit
 .text.cyw43_await_background_or_timeout_us
                0x0000000010015870       0x34 CMakeFiles/app.dir/freertos-pico/pico-sdk/src/rp2_common/pico_cyw43_driver/cyw43_driver.c.obj
                0x0000000010015870                cyw43_await_background_or_timeout_us
 .text.cyw43_delay_ms
                0x00000000100158a4       0x44 CMakeFiles/app.dir/freertos-pico/pico-sdk/src/rp2_common/pico_cyw43_driver/cyw43_driver.c.obj
                0x00000000100158a4                cyw43_delay_ms
 .text.cyw43_delay_us
                0x00000000100158e8       0x34 CMakeFiles/app.dir/freertos-pico/pico-sdk/src/rp2_common/pico_cyw43_driver/cyw43_driver.c.obj
                0x00000000100158e8                cyw43_delay_us
 .text.end_task_func
                0x000000001001591c        0xc CMakeFiles/app.dir/freertos-pico/pico-sdk/src/rp2_common/pico_async_context/async_context_freertos.c.obj
 .text.async_context_freertos_lock_check
                0x0000000010015928        0x4 CMakeFiles/app.dir/freertos-pico/pico-sdk/src/rp2_common/pico_async_context/async_context_freertos.c.obj
 .text.async_context_freertos_acquire_lock_blocking
                0x000000001001592c       0x18 CMakeFiles/app.dir/freertos-pico/pico-sdk/src/rp2_common/pico_async_context/async_context_freertos.c.obj
 .text.handle_sync_func_call
                0x0000000010015944       0x28 CMakeFiles/app.dir/freertos-pico/pico-sdk/src/rp2_common/pico_async_context/async_context_freertos.c.obj
 .text.async_context_freertos_wait_until
                0x000000001001596c       0x5c CMakeFiles/app.dir/freertos-pico/pico-sdk/src/rp2_common/pico_async_context/async_context_freertos.c.obj
 .text.async_context_freertos_deinit
                0x00000000100159c8       0x50 CMakeFiles/app.dir/freertos-pico/pico-sdk/src/rp2_common/pico_async_context/async_context_freertos.c.obj
                0x00000000100159c8                async_context_freertos_deinit
 .text.async_context_freertos_execute_sync
                0x0000000010015a18       0x6c CMakeFiles/app.dir/freertos-pico/pico-sdk/src/rp2_common/pico_async_context/async_context_freertos.c.obj
                0x0000000010015a18                async_context_freertos_execute_sync
 .text.async_context_freertos_wait_for_work_until
                0x0000000010015a84       0x98 CMakeFiles/app.dir/freertos-pico/pico-sdk/src/rp2_common/pico_async_context/async_context_freertos.c.obj
 .text.process_under_lock
                0x0000000010015b1c       0x98 CMakeFiles/app.dir/freertos-pico/pico-sdk/src/rp2_common/pico_async_context/async_context_freertos.c.obj
 .text.async_context_freertos_release_lock
                0x0000000010015bb4       0x84 CMakeFiles/app.dir/freertos-pico/pico-sdk/src/rp2_common/pico_async_context/async_context_freertos.c.obj
 .text.async_context_freertos_set_work_pending
                0x0000000010015c38       0x54 CMakeFiles/app.dir/freertos-pico/pico-sdk/src/rp2_common/pico_async_context/async_context_freertos.c.obj
 .text.timer_handler
                0x0000000010015c8c       0x54 CMakeFiles/app.dir/freertos-pico/pico-sdk/src/rp2_common/pico_async_context/async_context_freertos.c.obj
 .text.async_context_task
                0x0000000010015ce0       0xc4 CMakeFiles/app.dir/freertos-pico/pico-sdk/src/rp2_common/pico_async_context/async_context_freertos.c.obj
 .text.async_context_freertos_remove_at_time_worker
                0x0000000010015da4       0xa4 CMakeFiles/app.dir/freertos-pico/pico-sdk/src/rp2_common/pico_async_context/async_context_freertos.c.obj
 .text.async_context_freertos_add_when_pending_worker
                0x0000000010015e48       0xa4 CMakeFiles/app.dir/freertos-pico/pico-sdk/src/rp2_common/pico_async_context/async_context_freertos.c.obj
 .text.async_context_freertos_remove_when_pending_worker
                0x0000000010015eec       0xa4 CMakeFiles/app.dir/freertos-pico/pico-sdk/src/rp2_common/pico_async_context/async_context_freertos.c.obj
 .text.async_context_freertos_add_at_time_worker
                0x0000000010015f90       0xa4 CMakeFiles/app.dir/freertos-pico/pico-sdk/src/rp2_common/pico_async_context/async_context_freertos.c.obj
 .text.async_context_freertos_init
                0x0000000010016034       0xb0 CMakeFiles/app.dir/freertos-pico/pico-sdk/src/rp2_common/pico_async_context/async_context_freertos.c.obj
                0x0000000010016034                async_context_freertos_init
 .text.runtime_init
                0x00000000100160e4       0xf0 CMakeFiles/app.dir/freertos-pico/pico-sdk/src/rp2_common/pico_runtime/runtime.c.obj
                0x00000000100160e4                runtime_init
 .text._exit    0x00000000100161d4        0x4 CMakeFiles/app.dir/freertos-pico/pico-sdk/src/rp2_common/pico_runtime/runtime.c.obj
                0x00000000100161d4                _exit
 .text.exit     0x00000000100161d8        0x8 CMakeFiles/app.dir/freertos-pico/pico-sdk/src/rp2_common/pico_runtime/runtime.c.obj
                0x00000000100161d8                exit
 .text.panic    0x00000000100161e0       0x30 CMakeFiles/app.dir/freertos-pico/pico-sdk/src/rp2_common/pico_runtime/runtime.c.obj
                0x00000000100161e0                panic
 .text.panic_unsupported
                0x0000000010016210        0xc CMakeFiles/app.dir/freertos-pico/pico-sdk/src/rp2_common/pico_runtime/runtime.c.obj
                0x0000000010016210                panic_unsupported
 .text.hard_assertion_failure
                0x000000001001621c        0xc CMakeFiles/app.dir/freertos-pico/pico-sdk/src/rp2_common/pico_runtime/runtime.c.obj